Component: ARM Compiler 5.06 update 7 (build 960) Tool: armlink [4d3601]

==============================================================================

Section Cross References

    startup_stm32f746xx.o(STACK) refers (Special) to heapauxi.o(.text) for __use_two_region_memory
    startup_stm32f746xx.o(HEAP) refers (Special) to heapauxi.o(.text) for __use_two_region_memory
    startup_stm32f746xx.o(RESET) refers (Special) to heapauxi.o(.text) for __use_two_region_memory
    startup_stm32f746xx.o(RESET) refers to startup_stm32f746xx.o(STACK) for __initial_sp
    startup_stm32f746xx.o(RESET) refers to startup_stm32f746xx.o(.text) for Reset_Handler
    startup_stm32f746xx.o(RESET) refers to stm32f7xx_it.o(i.NMI_Handler) for NMI_Handler
    startup_stm32f746xx.o(RESET) refers to stm32f7xx_it.o(i.HardFault_Handler) for HardFault_Handler
    startup_stm32f746xx.o(RESET) refers to stm32f7xx_it.o(i.MemManage_Handler) for MemManage_Handler
    startup_stm32f746xx.o(RESET) refers to stm32f7xx_it.o(i.BusFault_Handler) for BusFault_Handler
    startup_stm32f746xx.o(RESET) refers to stm32f7xx_it.o(i.UsageFault_Handler) for UsageFault_Handler
    startup_stm32f746xx.o(RESET) refers to port.o(.emb_text) for SVC_Handler
    startup_stm32f746xx.o(RESET) refers to stm32f7xx_it.o(i.DebugMon_Handler) for DebugMon_Handler
    startup_stm32f746xx.o(RESET) refers to port.o(i.SysTick_Handler) for SysTick_Handler
    startup_stm32f746xx.o(RESET) refers to stm32f7xx_it.o(i.RCC_IRQHandler) for RCC_IRQHandler
    startup_stm32f746xx.o(RESET) refers to stm32f7xx_it.o(i.ADC_IRQHandler) for ADC_IRQHandler
    startup_stm32f746xx.o(RESET) refers to stm32f7xx_it.o(i.TIM1_TRG_COM_TIM11_IRQHandler) for TIM1_TRG_COM_TIM11_IRQHandler
    startup_stm32f746xx.o(RESET) refers to stm32f7xx_it.o(i.TIM7_IRQHandler) for TIM7_IRQHandler
    startup_stm32f746xx.o(.text) refers (Special) to heapauxi.o(.text) for __use_two_region_memory
    startup_stm32f746xx.o(.text) refers to system_stm32f7xx.o(i.SystemInit) for SystemInit
    startup_stm32f746xx.o(.text) refers to __main.o(!!!main) for __main
    startup_stm32f746xx.o(.text) refers to startup_stm32f746xx.o(HEAP) for Heap_Mem
    startup_stm32f746xx.o(.text) refers to startup_stm32f746xx.o(STACK) for Stack_Mem
    main.o(i.ButtonTaskFunction) refers to buttonhandler.o(i.readButtons) for readButtons
    main.o(i.ButtonTaskFunction) refers to cmsis_os2.o(i.osDelay) for osDelay
    main.o(i.HAL_ADC_ConvCpltCallback) refers to stm32f7xx_hal_adc.o(i.HAL_ADC_GetValue) for HAL_ADC_GetValue
    main.o(i.HAL_ADC_ConvCpltCallback) refers to main.o(.data) for .data
    main.o(i.HAL_ADC_ConvCpltCallback) refers to main.o(.bss) for .bss
    main.o(i.HAL_TIM_PeriodElapsedCallback) refers to stm32f7xx_hal.o(i.HAL_IncTick) for HAL_IncTick
    main.o(i.MX_ADC1_Init) refers to stm32f7xx_hal_adc.o(i.HAL_ADC_Init) for HAL_ADC_Init
    main.o(i.MX_ADC1_Init) refers to stm32f7xx_hal_adc.o(i.HAL_ADC_ConfigChannel) for HAL_ADC_ConfigChannel
    main.o(i.MX_ADC1_Init) refers to main.o(.bss) for .bss
    main.o(i.MX_ADC2_Init) refers to stm32f7xx_hal_adc.o(i.HAL_ADC_Init) for HAL_ADC_Init
    main.o(i.MX_ADC2_Init) refers to stm32f7xx_hal_adc.o(i.HAL_ADC_ConfigChannel) for HAL_ADC_ConfigChannel
    main.o(i.MX_ADC2_Init) refers to main.o(.bss) for .bss
    main.o(i.MX_GPIO_Init) refers to rt_memclr_w.o(.text) for __aeabi_memclr4
    main.o(i.MX_GPIO_Init) refers to stm32f7xx_hal_gpio.o(i.HAL_GPIO_WritePin) for HAL_GPIO_WritePin
    main.o(i.MX_GPIO_Init) refers to stm32f7xx_hal_gpio.o(i.HAL_GPIO_Init) for HAL_GPIO_Init
    main.o(i.MX_USART3_UART_Init) refers to stm32f7xx_hal_uart.o(i.HAL_UART_Init) for HAL_UART_Init
    main.o(i.MX_USART3_UART_Init) refers to main.o(.bss) for .bss
    main.o(i.MX_USB_OTG_FS_PCD_Init) refers to stm32f7xx_hal_pcd.o(i.HAL_PCD_Init) for HAL_PCD_Init
    main.o(i.MX_USB_OTG_FS_PCD_Init) refers to main.o(.bss) for .bss
    main.o(i.MainFSMFunction) refers to mainfsm.o(i.run_fire) for run_fire
    main.o(i.MainFSMFunction) refers to cmsis_os2.o(i.osDelay) for osDelay
    main.o(i.MainFSMFunction) refers to mainfsm.o(.data) for flag_run
    main.o(i.MainFSMFunction) refers to mainfsm.o(.data) for SpeedTime
    main.o(i.MainFSMFunction) refers to mainfsm.o(.data) for LedTime
    main.o(i.MainFSMFunction) refers to mainfsm.o(.data) for ChannelNumber
    main.o(i.StartDefaultTask) refers to cmsis_os2.o(i.osDelay) for osDelay
    main.o(i.StartDefaultTask) refers to stm32f7xx_hal_adc.o(i.HAL_ADC_Start_IT) for HAL_ADC_Start_IT
    main.o(i.StartDefaultTask) refers to main.o(.data) for .data
    main.o(i.StartDefaultTask) refers to mainfsm.o(.data) for LedTime
    main.o(i.StartDefaultTask) refers to mainfsm.o(.data) for SpeedTime
    main.o(i.StartDefaultTask) refers to main.o(.bss) for .bss
    main.o(i.SystemClock_Config) refers to rt_memclr_w.o(.text) for __aeabi_memclr4
    main.o(i.SystemClock_Config) refers to stm32f7xx_hal_rcc.o(i.HAL_RCC_OscConfig) for HAL_RCC_OscConfig
[...]
    i.vQueueAddToRegistry                    0x08003f98   Section        0  queue.o(i.vQueueAddToRegistry)
    i.vQueueWaitForMessageRestricted         0x08003fc0   Section        0  queue.o(i.vQueueWaitForMessageRestricted)
    i.vTaskDelay                             0x08004004   Section        0  tasks.o(i.vTaskDelay)
    i.vTaskInternalSetTimeOutState           0x08004054   Section        0  tasks.o(i.vTaskInternalSetTimeOutState)
    i.vTaskMissedYield                       0x08004064   Section        0  tasks.o(i.vTaskMissedYield)
    i.vTaskPlaceOnEventList                  0x08004070   Section        0  tasks.o(i.vTaskPlaceOnEventList)
    i.vTaskPlaceOnEventListRestricted        0x080040a4   Section        0  tasks.o(i.vTaskPlaceOnEventListRestricted)
    i.vTaskStartScheduler                    0x080040e0   Section        0  tasks.o(i.vTaskStartScheduler)
    i.vTaskSuspendAll                        0x08004170   Section        0  tasks.o(i.vTaskSuspendAll)
    i.vTaskSwitchContext                     0x08004180   Section        0  tasks.o(i.vTaskSwitchContext)
    i.xPortStartScheduler                    0x080041e8   Section        0  port.o(i.xPortStartScheduler)
    i.xQueueGenericCreateStatic              0x080042a8   Section        0  queue.o(i.xQueueGenericCreateStatic)
    i.xQueueGenericReset                     0x08004320   Section        0  queue.o(i.xQueueGenericReset)
    i.xQueueGenericSend                      0x080043b8   Section        0  queue.o(i.xQueueGenericSend)
    i.xQueueGenericSendFromISR               0x08004528   Section        0  queue.o(i.xQueueGenericSendFromISR)
    i.xQueueReceive                          0x080045f4   Section        0  queue.o(i.xQueueReceive)
    i.xTaskCheckForTimeOut                   0x0800473c   Section        0  tasks.o(i.xTaskCheckForTimeOut)
    i.xTaskCreate                            0x080047bc   Section        0  tasks.o(i.xTaskCreate)
    i.xTaskCreateStatic                      0x08004816   Section        0  tasks.o(i.xTaskCreateStatic)
    i.xTaskGetSchedulerState                 0x08004874   Section        0  tasks.o(i.xTaskGetSchedulerState)
    i.xTaskGetTickCount                      0x08004890   Section        0  tasks.o(i.xTaskGetTickCount)
    i.xTaskIncrementTick                     0x0800489c   Section        0  tasks.o(i.xTaskIncrementTick)
    i.xTaskPriorityDisinherit                0x08004968   Section        0  tasks.o(i.xTaskPriorityDisinherit)
    i.xTaskRemoveFromEventList               0x080049ec   Section        0  tasks.o(i.xTaskRemoveFromEventList)
    i.xTaskResumeAll                         0x08004a60   Section        0  tasks.o(i.xTaskResumeAll)
    i.xTimerCreateTimerTask                  0x08004b28   Section        0  timers.o(i.xTimerCreateTimerTask)
    i.xTimerGenericCommand                   0x08004b8c   Section        0  timers.o(i.xTimerGenericCommand)
    x$fpl$fpinit                             0x08004bf8   Section       10  fpinit.o(x$fpl$fpinit)
    $v0                                      0x08004bf8   Number         0  fpinit.o(x$fpl$fpinit)
    .constdata                               0x08004c04   Section      108  main.o(.constdata)
    .constdata                               0x08004c70   Section       16  system_stm32f7xx.o(.constdata)
    .constdata                               0x08004c80   Section        8  system_stm32f7xx.o(.constdata)
    .conststring                             0x08004c88   Section       32  main.o(.conststring)
    .data                                    0x20010000   Section       28  main.o(.data)
    .data                                    0x2001001c   Section       12  stm32f7xx_hal.o(.data)
    .data                                    0x20010028   Section        4  system_stm32f7xx.o(.data)
    .data                                    0x2001002c   Section       60  tasks.o(.data)
    pxDelayedTaskList                        0x20010030   Data           4  tasks.o(.data)
    pxOverflowDelayedTaskList                0x20010034   Data           4  tasks.o(.data)
    uxDeletedTasksWaitingCleanUp             0x20010038   Data           4  tasks.o(.data)
    uxCurrentNumberOfTasks                   0x2001003c   Data           4  tasks.o(.data)
    xTickCount                               0x20010040   Data           4  tasks.o(.data)
    uxTopReadyPriority                       0x20010044   Data           4  tasks.o(.data)
    xSchedulerRunning                        0x20010048   Data           4  tasks.o(.data)
    uxPendedTicks                            0x2001004c   Data           4  tasks.o(.data)
    xYieldPending                            0x20010050   Data           4  tasks.o(.data)
    xNumOfOverflows                          0x20010054   Data           4  tasks.o(.data)
    uxTaskNumber                             0x20010058   Data           4  tasks.o(.data)
    xNextTaskUnblockTime                     0x2001005c   Data           4  tasks.o(.data)
    xIdleTaskHandle                          0x20010060   Data           4  tasks.o(.data)
    uxSchedulerSuspended                     0x20010064   Data           4  tasks.o(.data)
    .data                                    0x20010068   Section       20  timers.o(.data)
    pxCurrentTimerList                       0x20010068   Data           4  timers.o(.data)
    pxOverflowTimerList                      0x2001006c   Data           4  timers.o(.data)
    xTimerQueue                              0x20010070   Data           4  timers.o(.data)
    xTimerTaskHandle                         0x20010074   Data           4  timers.o(.data)
    xLastTime                                0x20010078   Data           4  timers.o(.data)
    .data                                    0x2001007c   Section        4  cmsis_os2.o(.data)
    KernelState                              0x2001007c   Data           4  cmsis_os2.o(.data)
    .data                                    0x20010080   Section       24  heap_4.o(.data)
    pxEnd                                    0x20010080   Data           4  heap_4.o(.data)
    xFreeBytesRemaining                      0x20010084   Data           4  heap_4.o(.data)
    xMinimumEverFreeBytesRemaining           0x20010088   Data           4  heap_4.o(.data)
    xBlockAllocatedBit                       0x2001008c   Data           4  heap_4.o(.data)
    xStart                                   0x20010090   Data           8  heap_4.o(.data)
    .data                                    0x20010098   Section       12  port.o(.data)
    ucMaxSysCallPriority                     0x20010098   Data           1  port.o(.data)
    uxCriticalNesting                        0x2001009c   Data           4  port.o(.data)
    ulMaxPRIGROUPValue                       0x200100a0   Data           4  port.o(.data)
    .data                                    0x200100a4   Section        1  mainfsm.o(.data)
    .data                                    0x200100a6   Section        2  mainfsm.o(.data)
    .data                                    0x200100a8   Section        2  mainfsm.o(.data)
    .data                                    0x200100ac   Section      148  mainfsm.o(.data)
    i                                        0x200100ac   Data           1  mainfsm.o(.data)
    .data                                    0x20010140   Section        1  mainfsm.o(.data)
    .data                                    0x20010141   Section       13  buttonhandler.o(.data)
    .bss                                     0x20010150   Section     1380  main.o(.bss)
    .bss                                     0x200106b4   Section       76  stm32f7xx_hal_timebase_tim.o(.bss)
    .bss                                     0x20010700   Section       64  queue.o(.bss)
    .bss                                     0x20010740   Section     1220  tasks.o(.bss)
    pxReadyTasksLists                        0x20010740   Data        1120  tasks.o(.bss)
    xDelayedTaskList1                        0x20010ba0   Data          20  tasks.o(.bss)
    xDelayedTaskList2                        0x20010bb4   Data          20  tasks.o(.bss)
    xPendingReadyList                        0x20010bc8   Data          20  tasks.o(.bss)
    xTasksWaitingTermination                 0x20010bdc   Data          20  tasks.o(.bss)
    xSuspendedTaskList                       0x20010bf0   Data          20  tasks.o(.bss)
    .bss                                     0x20010c04   Section      280  timers.o(.bss)
    xActiveTimerList1                        0x20010c04   Data          20  timers.o(.bss)
    xActiveTimerList2                        0x20010c18   Data          20  timers.o(.bss)
    xStaticTimerQueue                        0x20010c2c   Data          80  timers.o(.bss)
    ucStaticTimerQueueStorage                0x20010c7c   Data         160  timers.o(.bss)
    .bss                                     0x20010d1c   Section     1720  cmsis_os2.o(.bss)
    Idle_TCB                                 0x20010d1c   Data          92  cmsis_os2.o(.bss)
    Idle_Stack                               0x20010d78   Data         512  cmsis_os2.o(.bss)
    Timer_TCB                                0x20010f78   Data          92  cmsis_os2.o(.bss)
    Timer_Stack                              0x20010fd4   Data        1024  cmsis_os2.o(.bss)
    .bss                                     0x200113d4   Section    15360  heap_4.o(.bss)
    ucHeap                                   0x200113d4   Data       15360  heap_4.o(.bss)
    .bss                                     0x20014fd4   Section       96  libspace.o(.bss)
    HEAP                                     0x20015038   Section     8192  startup_stm32f746xx.o(HEAP)
    Heap_Mem                                 0x20015038   Data        8192  startup_stm32f746xx.o(HEAP)
    STACK                                    0x20017038   Section    16384  startup_stm32f746xx.o(STACK)
    Stack_Mem                                0x20017038   Data       16384  startup_stm32f746xx.o(STACK)
    __initial_sp                             0x2001b038   Data           0  startup_stm32f746xx.o(STACK)

    Global Symbols

    Symbol Name                              Value     Ov Type        Size  Object(Section)

    BuildAttributes$$THM_ISAv4$E$P$D$K$B$S$7EM$VFPi5$EXTD16$VFPS$VFMA$PE$PLD8$A:L22UL41UL21$X:L11$S22US41US21$IEEE1$IW$USESV6$~STKCKD$USESV7$~SHL$OSPACE$ROPI$EBA8$UX$STANDARDLIB$REQ8$PRES8$EABIv2 0x00000000   Number         0  anon$$obj.o ABSOLUTE
    __ARM_use_no_argv                        0x00000000   Number         0  main.o ABSOLUTE
    __ARM_exceptions_init                     - Undefined Weak Reference
    __alloca_initialize                       - Undefined Weak Reference
    __arm_fini_                               - Undefined Weak Reference
    __arm_preinit_                            - Undefined Weak Reference
    __cpp_initialize__aeabi_                  - Undefined Weak Reference
    __cxa_finalize                            - Undefined Weak Reference
    __rt_locale                               - Undefined Weak Reference
    __sigvec_lookup                           - Undefined Weak Reference
    _atexit_init                              - Undefined Weak Reference
    _call_atexit_fns                          - Undefined Weak Reference
    _clock_init                               - Undefined Weak Reference
    _fp_trap_init                             - Undefined Weak Reference
    _fp_trap_shutdown                         - Undefined Weak Reference
    _get_lc_collate                           - Undefined Weak Reference
    _get_lc_ctype                             - Undefined Weak Reference
    _get_lc_monetary                          - Undefined Weak Reference
    _get_lc_numeric                           - Undefined Weak Reference
    _get_lc_time                              - Undefined Weak Reference
    _getenv_init                              - Undefined Weak Reference
    _handle_redirection                       - Undefined Weak Reference
    _init_alloc                               - Undefined Weak Reference
    _init_user_alloc                          - Undefined Weak Reference
    _initio                                   - Undefined Weak Reference
    _rand_init                                - Undefined Weak Reference
    _signal_finish                            - Undefined Weak Reference
    _signal_init                              - Undefined Weak Reference
    _terminate_alloc                          - Undefined Weak Reference
    _terminate_user_alloc                     - Undefined Weak Reference
    _terminateio                              - Undefined Weak Reference
    __Vectors_Size                           0x000001c8   Number         0  startup_stm32f746xx.o ABSOLUTE
    __Vectors                                0x08000000   Data           4  startup_stm32f746xx.o(RESET)
    __Vectors_End                            0x080001c8   Data           0  startup_stm32f746xx.o(RESET)
    __main                                   0x080001c9   Thumb Code     8  __main.o(!!!main)
    __scatterload                            0x080001d1   Thumb Code     0  __scatter.o(!!!scatter)
    __scatterload_rt2                        0x080001d1   Thumb Code    44  __scatter.o(!!!scatter)
    __scatterload_rt2_thumb_only             0x080001d1   Thumb Code     0  __scatter.o(!!!scatter)
    __scatterload_null                       0x080001df   Thumb Code     0  __scatter.o(!!!scatter)
    __decompress                             0x08000205   Thumb Code    90  __dczerorl2.o(!!dczerorl2)
    __decompress1                            0x08000205   Thumb Code     0  __dczerorl2.o(!!dczerorl2)
    __scatterload_zeroinit                   0x08000261   Thumb Code    28  __scatter_zi.o(!!handler_zi)
    __rt_lib_init                            0x0800027d   Thumb Code     0  libinit.o(.ARM.Collect$$libinit$$00000000)
    __rt_lib_init_fp_1                       0x0800027f   Thumb Code     0  libinit2.o(.ARM.Collect$$libinit$$00000001)
    __rt_lib_init_alloca_1                   0x08000283   Thumb Code     0  libinit2.o(.ARM.Collect$$libinit$$0000002E)
    __rt_lib_init_argv_1                     0x08000283   Thumb Code     0  libinit2.o(.ARM.Collect$$libinit$$0000002C)
    __rt_lib_init_atexit_1                   0x08000283   Thumb Code     0  libinit2.o(.ARM.Collect$$libinit$$0000001B)
    __rt_lib_init_clock_1                    0x08000283   Thumb Code     0  libinit2.o(.ARM.Collect$$libinit$$00000021)
    __rt_lib_init_cpp_1                      0x08000283   Thumb Code     0  libinit2.o(.ARM.Collect$$libinit$$00000032)
    __rt_lib_init_exceptions_1               0x08000283   Thumb Code     0  libinit2.o(.ARM.Collect$$libinit$$00000030)
    __rt_lib_init_fp_trap_1                  0x08000283   Thumb Code     0  libinit2.o(.ARM.Collect$$libinit$$0000001F)
    __rt_lib_init_getenv_1                   0x08000283   Thumb Code     0  libinit2.o(.ARM.Collect$$libinit$$00000023)
    __rt_lib_init_heap_1                     0x08000283   Thumb Code     0  libinit2.o(.ARM.Collect$$libinit$$0000000A)
    __rt_lib_init_lc_collate_1               0x08000283   Thumb Code     0  libinit2.o(.ARM.Collect$$libinit$$00000011)
    __rt_lib_init_lc_ctype_1                 0x08000283   Thumb Code     0  libinit2.o(.ARM.Collect$$libinit$$00000013)
    __rt_lib_init_lc_monetary_1              0x08000283   Thumb Code     0  libinit2.o(.ARM.Collect$$libinit$$00000015)
    __rt_lib_init_lc_numeric_1               0x08000283   Thumb Code     0  libinit2.o(.ARM.Collect$$libinit$$00000017)
    __rt_lib_init_lc_time_1                  0x08000283   Thumb Code     0  libinit2.o(.ARM.Collect$$libinit$$00000019)
    __rt_lib_init_preinit_1                  0x08000283   Thumb Code     0  libinit2.o(.ARM.Collect$$libinit$$00000004)
    __rt_lib_init_rand_1                     0x08000283   Thumb Code     0  libinit2.o(.ARM.Collect$$libinit$$0000000E)
    __rt_lib_init_return                     0x08000283   Thumb Code     0  libinit2.o(.ARM.Collect$$libinit$$00000033)
    __rt_lib_init_signal_1                   0x08000283   Thumb Code     0  libinit2.o(.ARM.Collect$$libinit$$0000001D)
    __rt_lib_init_stdio_1                    0x08000283   Thumb Code     0  libinit2.o(.ARM.Collect$$libinit$$00000025)
    __rt_lib_init_user_alloc_1               0x08000283   Thumb Code     0  libinit2.o(.ARM.Collect$$libinit$$0000000C)
    __rt_lib_shutdown                        0x08000285   Thumb Code     0  libshutdown.o(.ARM.Collect$$libshutdown$$00000000)
    __rt_lib_shutdown_cpp_1                  0x08000287   Thumb Code     0  libshutdown2.o(.ARM.Collect$$libshutdown$$00000004)
    __rt_lib_shutdown_fini_1                 0x08000287   Thumb Code     0  libshutdown2.o(.ARM.Collect$$libshutdown$$00000002)
    __rt_lib_shutdown_fp_trap_1              0x08000287   Thumb Code     0  libshutdown2.o(.ARM.Collect$$libshutdown$$00000009)
    __rt_lib_shutdown_heap_1                 0x08000287   Thumb Code     0  libshutdown2.o(.ARM.Collect$$libshutdown$$00000011)
    __rt_lib_shutdown_return                 0x08000287   Thumb Code     0  libshutdown2.o(.ARM.Collect$$libshutdown$$00000012)
    __rt_lib_shutdown_signal_1               0x08000287   Thumb Code     0  libshutdown2.o(.ARM.Collect$$libshutdown$$0000000C)
    __rt_lib_shutdown_stdio_1                0x08000287   Thumb Code     0  libshutdown2.o(.ARM.Collect$$libshutdown$$00000006)
    __rt_lib_shutdown_user_alloc_1           0x08000287   Thumb Code     0  libshutdown2.o(.ARM.Collect$$libshutdown$$0000000E)
    __rt_entry                               0x08000289   Thumb Code     0  __rtentry.o(.ARM.Collect$$rtentry$$00000000)
    __rt_entry_presh_1                       0x08000289   Thumb Code     0  __rtentry2.o(.ARM.Collect$$rtentry$$00000002)
    __rt_entry_sh                            0x08000289   Thumb Code     0  __rtentry4.o(.ARM.Collect$$rtentry$$00000004)
    __rt_entry_li                            0x0800028f   Thumb Code     0  __rtentry2.o(.ARM.Collect$$rtentry$$0000000A)
    __rt_entry_postsh_1                      0x0800028f   Thumb Code     0  __rtentry2.o(.ARM.Collect$$rtentry$$00000009)
    __rt_entry_main                          0x08000293   Thumb Code     0  __rtentry2.o(.ARM.Collect$$rtentry$$0000000D)
    __rt_entry_postli_1                      0x08000293   Thumb Code     0  __rtentry2.o(.ARM.Collect$$rtentry$$0000000C)
    __rt_exit                                0x0800029b   Thumb Code     0  rtexit.o(.ARM.Collect$$rtexit$$00000000)
    __rt_exit_ls                             0x0800029d   Thumb Code     0  rtexit2.o(.ARM.Collect$$rtexit$$00000003)
    __rt_exit_prels_1                        0x0800029d   Thumb Code     0  rtexit2.o(.ARM.Collect$$rtexit$$00000002)
    __rt_exit_exit                           0x080002a1   Thumb Code     0  rtexit2.o(.ARM.Collect$$rtexit$$00000004)
    SVC_Handler                              0x080002a9   Thumb Code    28  port.o(.emb_text)
    __asm___6_port_c_39a90d8d__prvStartFirstTask 0x080002c9   Thumb Code    36  port.o(.emb_text)
    __asm___6_port_c_39a90d8d__prvEnableVFP  0x080002f1   Thumb Code    16  port.o(.emb_text)
    PendSV_Handler                           0x08000305   Thumb Code    92  port.o(.emb_text)
    vPortGetIPSR                             0x08000365   Thumb Code     6  port.o(.emb_text)
    Reset_Handler                            0x0800036d   Thumb Code     8  startup_stm32f746xx.o(.text)
    CAN1_RX0_IRQHandler                      0x08000387   Thumb Code     0  startup_stm32f746xx.o(.text)
    CAN1_RX1_IRQHandler                      0x08000387   Thumb Code     0  startup_stm32f746xx.o(.text)
    CAN1_SCE_IRQHandler                      0x08000387   Thumb Code     0  startup_stm32f746xx.o(.text)
    CAN1_TX_IRQHandler                       0x08000387   Thumb Code     0  startup_stm32f746xx.o(.text)
    CAN2_RX0_IRQHandler                      0x08000387   Thumb Code     0  startup_stm32f746xx.o(.text)
    CAN2_RX1_IRQHandler                      0x08000387   Thumb Code     0  startup_stm32f746xx.o(.text)
    CAN2_SCE_IRQHandler                      0x08000387   Thumb Code     0  startup_stm32f746xx.o(.text)
    CAN2_TX_IRQHandler                       0x08000387   Thumb Code     0  startup_stm32f746xx.o(.text)
    CEC_IRQHandler                           0x08000387   Thumb Code     0  startup_stm32f746xx.o(.text)
    DCMI_IRQHandler                          0x08000387   Thumb Code     0  startup_stm32f746xx.o(.text)
    DMA1_Stream0_IRQHandler                  0x08000387   Thumb Code     0  startup_stm32f746xx.o(.text)
    DMA1_Stream1_IRQHandler                  0x08000387   Thumb Code     0  startup_stm32f746xx.o(.text)
    DMA1_Stream2_IRQHandler                  0x08000387   Thumb Code     0  startup_stm32f746xx.o(.text)
    DMA1_Stream3_IRQHandler                  0x08000387   Thumb Code     0  startup_stm32f746xx.o(.text)
    DMA1_Stream4_IRQHandler                  0x08000387   Thumb Code     0  startup_stm32f746xx.o(.text)
    DMA1_Stream5_IRQHandler                  0x08000387   Thumb Code     0  startup_stm32f746xx.o(.text)
    DMA1_Stream6_IRQHandler                  0x08000387   Thumb Code     0  startup_stm32f746xx.o(.text)
    DMA1_Stream7_IRQHandler                  0x08000387   Thumb Code     0  startup_stm32f746xx.o(.text)
    DMA2D_IRQHandler                         0x08000387   Thumb Code     0  startup_stm32f746xx.o(.text)
    DMA2_Stream0_IRQHandler                  0x08000387   Thumb Code     0  startup_stm32f746xx.o(.text)
    DMA2_Stream1_IRQHandler                  0x08000387   Thumb Code     0  startup_stm32f746xx.o(.text)
    DMA2_Stream2_IRQHandler                  0x08000387   Thumb Code     0  startup_stm32f746xx.o(.text)
    DMA2_Stream3_IRQHandler                  0x08000387   Thumb Code     0  startup_stm32f746xx.o(.text)
    DMA2_Stream4_IRQHandler                  0x08000387   Thumb Code     0  startup_stm32f746xx.o(.text)
    DMA2_Stream5_IRQHandler                  0x08000387   Thumb Code     0  startup_stm32f746xx.o(.text)
    DMA2_Stream6_IRQHandler                  0x08000387   Thumb Code     0  startup_stm32f746xx.o(.text)
    DMA2_Stream7_IRQHandler                  0x08000387   Thumb Code     0  startup_stm32f746xx.o(.text)
    ETH_IRQHandler                           0x08000387   Thumb Code     0  startup_stm32f746xx.o(.text)
    ETH_WKUP_IRQHandler                      0x08000387   Thumb Code     0  startup_stm32f746xx.o(.text)
    EXTI0_IRQHandler                         0x08000387   Thumb Code     0  startup_stm32f746xx.o(.text)
    EXTI15_10_IRQHandler                     0x08000387   Thumb Code     0  startup_stm32f746xx.o(.text)
    EXTI1_IRQHandler                         0x08000387   Thumb Code     0  startup_stm32f746xx.o(.text)
    EXTI2_IRQHandler                         0x08000387   Thumb Code     0  startup_stm32f746xx.o(.text)
    EXTI3_IRQHandler                         0x08000387   Thumb Code     0  startup_stm32f746xx.o(.text)
    EXTI4_IRQHandler                         0x08000387   Thumb Code     0  startup_stm32f746xx.o(.text)
    EXTI9_5_IRQHandler                       0x08000387   Thumb Code     0  startup_stm32f746xx.o(.text)
    FLASH_IRQHandler                         0x08000387   Thumb Code     0  startup_stm32f746xx.o(.text)
    FMC_IRQHandler                           0x08000387   Thumb Code     0  startup_stm32f746xx.o(.text)
    FPU_IRQHandler                           0x08000387   Thumb Code     0  startup_stm32f746xx.o(.text)
    I2C1_ER_IRQHandler                       0x08000387   Thumb Code     0  startup_stm32f746xx.o(.text)
    I2C1_EV_IRQHandler                       0x08000387   Thumb Code     0  startup_stm32f746xx.o(.text)
    I2C2_ER_IRQHandler                       0x08000387   Thumb Code     0  startup_stm32f746xx.o(.text)
    I2C2_EV_IRQHandler                       0x08000387   Thumb Code     0  startup_stm32f746xx.o(.text)
    I2C3_ER_IRQHandler                       0x08000387   Thumb Code     0  startup_stm32f746xx.o(.text)
    I2C3_EV_IRQHandler                       0x08000387   Thumb Code     0  startup_stm32f746xx.o(.text)
    I2C4_ER_IRQHandler                       0x08000387   Thumb Code     0  startup_stm32f746xx.o(.text)
    I2C4_EV_IRQHandler                       0x08000387   Thumb Code     0  startup_stm32f746xx.o(.text)
    LPTIM1_IRQHandler                        0x08000387   Thumb Code     0  startup_stm32f746xx.o(.text)
    LTDC_ER_IRQHandler                       0x08000387   Thumb Code     0  startup_stm32f746xx.o(.text)
    LTDC_IRQHandler                          0x08000387   Thumb Code     0  startup_stm32f746xx.o(.text)
    OTG_FS_IRQHandler                        0x08000387   Thumb Code     0  startup_stm32f746xx.o(.text)
    OTG_FS_WKUP_IRQHandler                   0x08000387   Thumb Code     0  startup_stm32f746xx.o(.text)
    OTG_HS_EP1_IN_IRQHandler                 0x08000387   Thumb Code     0  startup_stm32f746xx.o(.text)
    OTG_HS_EP1_OUT_IRQHandler                0x08000387   Thumb Code     0  startup_stm32f746xx.o(.text)
    OTG_HS_IRQHandler                        0x08000387   Thumb Code     0  startup_stm32f746xx.o(.text)
    OTG_HS_WKUP_IRQHandler                   0x08000387   Thumb Code     0  startup_stm32f746xx.o(.text)
    PVD_IRQHandler                           0x08000387   Thumb Code     0  startup_stm32f746xx.o(.text)
    QUADSPI_IRQHandler                       0x08000387   Thumb Code     0  startup_stm32f746xx.o(.text)
    RNG_IRQHandler                           0x08000387   Thumb Code     0  startup_stm32f746xx.o(.text)
    RTC_Alarm_IRQHandler                     0x08000387   Thumb Code     0  startup_stm32f746xx.o(.text)
    RTC_WKUP_IRQHandler                      0x08000387   Thumb Code     0  startup_stm32f746xx.o(.text)
    SAI1_IRQHandler                          0x08000387   Thumb Code     0  startup_stm32f746xx.o(.text)
    SAI2_IRQHandler                          0x08000387   Thumb Code     0  startup_stm32f746xx.o(.text)
    SDMMC1_IRQHandler                        0x08000387   Thumb Code     0  startup_stm32f746xx.o(.text)
    SPDIF_RX_IRQHandler                      0x08000387   Thumb Code     0  startup_stm32f746xx.o(.text)
    SPI1_IRQHandler                          0x08000387   Thumb Code     0  startup_stm32f746xx.o(.text)
    SPI2_IRQHandler                          0x08000387   Thumb Code     0  startup_stm32f746xx.o(.text)
    SPI3_IRQHandler                          0x08000387   Thumb Code     0  startup_stm32f746xx.o(.text)
    SPI4_IRQHandler                          0x08000387   Thumb Code     0  startup_stm32f746xx.o(.text)
    SPI5_IRQHandler                          0x08000387   Thumb Code     0  startup_stm32f746xx.o(.text)
    SPI6_IRQHandler                          0x08000387   Thumb Code     0  startup_stm32f746xx.o(.text)
    TAMP_STAMP_IRQHandler                    0x08000387   Thumb Code     0  startup_stm32f746xx.o(.text)
    TIM1_BRK_TIM9_IRQHandler                 0x08000387   Thumb Code     0  startup_stm32f746xx.o(.text)
    TIM1_CC_IRQHandler                       0x08000387   Thumb Code     0  startup_stm32f746xx.o(.text)
    TIM1_UP_TIM10_IRQHandler                 0x08000387   Thumb Code     0  startup_stm32f746xx.o(.text)
    TIM2_IRQHandler                          0x08000387   Thumb Code     0  startup_stm32f746xx.o(.text)
    TIM3_IRQHandler                          0x08000387   Thumb Code     0  startup_stm32f746xx.o(.text)
    TIM4_IRQHandler                          0x08000387   Thumb Code     0  startup_stm32f746xx.o(.text)
    TIM5_IRQHandler                          0x08000387   Thumb Code     0  startup_stm32f746xx.o(.text)
    TIM6_DAC_IRQHandler                      0x08000387   Thumb Code     0  startup_stm32f746xx.o(.text)
    TIM8_BRK_TIM12_IRQHandler                0x08000387   Thumb Code     0  startup_stm32f746xx.o(.text)
    TIM8_CC_IRQHandler                       0x08000387   Thumb Code     0  startup_stm32f746xx.o(.text)
    TIM8_TRG_COM_TIM14_IRQHandler            0x08000387   Thumb Code     0  startup_stm32f746xx.o(.text)
    TIM8_UP_TIM13_IRQHandler                 0x08000387   Thumb Code     0  startup_stm32f746xx.o(.text)
    UART4_IRQHandler                         0x08000387   Thumb Code     0  startup_stm32f746xx.o(.text)
    UART5_IRQHandler                         0x08000387   Thumb Code     0  startup_stm32f746xx.o(.text)
    UART7_IRQHandler                         0x08000387   Thumb Code     0  startup_stm32f746xx.o(.text)
    UART8_IRQHandler                         0x08000387   Thumb Code     0  startup_stm32f746xx.o(.text)
    USART1_IRQHandler                        0x08000387   Thumb Code     0  startup_stm32f746xx.o(.text)
    USART2_IRQHandler                        0x08000387   Thumb Code     0  startup_stm32f746xx.o(.text)
    USART3_IRQHandler                        0x08000387   Thumb Code     0  startup_stm32f746xx.o(.text)
    USART6_IRQHandler                        0x08000387   Thumb Code     0  startup_stm32f746xx.o(.text)
    WWDG_IRQHandler                          0x08000387   Thumb Code     0  startup_stm32f746xx.o(.text)
    __user_initial_stackheap                 0x08000389   Thumb Code     0  startup_stm32f746xx.o(.text)
    __aeabi_uldivmod                         0x080003ad   Thumb Code     0  lludivv7m.o(.text)
    _ll_udiv                                 0x080003ad   Thumb Code   238  lludivv7m.o(.text)
    __aeabi_memcpy                           0x0800049b   Thumb Code     0  rt_memcpy_v6.o(.text)
    __rt_memcpy                              0x0800049b   Thumb Code   138  rt_memcpy_v6.o(.text)
    _memcpy_lastbytes                        0x08000501   Thumb Code     0  rt_memcpy_v6.o(.text)
    __aeabi_memcpy4                          0x08000525   Thumb Code     0  rt_memcpy_w.o(.text)
    __aeabi_memcpy8                          0x08000525   Thumb Code     0  rt_memcpy_w.o(.text)
    __rt_memcpy_w                            0x08000525   Thumb Code   100  rt_memcpy_w.o(.text)
    _memcpy_lastbytes_aligned                0x0800056d   Thumb Code     0  rt_memcpy_w.o(.text)
    __aeabi_memset                           0x08000589   Thumb Code    16  aeabi_memset.o(.text)
    __aeabi_memclr4                          0x08000599   Thumb Code     0  rt_memclr_w.o(.text)
    __aeabi_memclr8                          0x08000599   Thumb Code     0  rt_memclr_w.o(.text)
    __rt_memclr_w                            0x08000599   Thumb Code    78  rt_memclr_w.o(.text)
    _memset_w                                0x0800059d   Thumb Code     0  rt_memclr_w.o(.text)
    __use_two_region_memory                  0x080005e7   Thumb Code     2  heapauxi.o(.text)
    __rt_heap_escrow$2region                 0x080005e9   Thumb Code     2  heapauxi.o(.text)
    __rt_heap_expand$2region                 0x080005eb   Thumb Code     2  heapauxi.o(.text)
    __aeabi_memclr                           0x080005ed   Thumb Code     0  rt_memclr.o(.text)
    __rt_memclr                              0x080005ed   Thumb Code    68  rt_memclr.o(.text)
    _memset                                  0x080005f1   Thumb Code     0  rt_memclr.o(.text)
    __user_setup_stackheap                   0x08000631   Thumb Code    74  sys_stackheap_outer.o(.text)
    exit                                     0x0800067b   Thumb Code    18  exit.o(.text)
    __user_libspace                          0x0800068d   Thumb Code     8  libspace.o(.text)
    __user_perproc_libspace                  0x0800068d   Thumb Code     0  libspace.o(.text)
    __user_perthread_libspace                0x0800068d   Thumb Code     0  libspace.o(.text)
    _sys_exit                                0x08000695   Thumb Code     8  sys_exit.o(.text)
    __I$use$semihosting                      0x080006a1   Thumb Code     0  use_no_semi.o(.text)
    __use_no_semihosting_swi                 0x080006a1   Thumb Code     2  use_no_semi.o(.text)
    __semihosting_library_function           0x080006a3   Thumb Code     0  indicate_semi.o(.text)
    ADC_IRQHandler                           0x080006a5   Thumb Code    18  stm32f7xx_it.o(i.ADC_IRQHandler)
    BusFault_Handler                         0x080007f9   Thumb Code     2  stm32f7xx_it.o(i.BusFault_Handler)
    ButtonTaskFunction                       0x080007fb   Thumb Code    12  main.o(i.ButtonTaskFunction)
    DebugMon_Handler                         0x08000807   Thumb Code     2  stm32f7xx_it.o(i.DebugMon_Handler)
    HAL_ADCEx_InjectedConvCpltCallback       0x08000809   Thumb Code     2  stm32f7xx_hal_adc_ex.o(i.HAL_ADCEx_InjectedConvCpltCallback)
    HAL_ADC_ConfigChannel                    0x0800080d   Thumb Code   408  stm32f7xx_hal_adc.o(i.HAL_ADC_ConfigChannel)
    HAL_ADC_ConvCpltCallback                 0x080009b5   Thumb Code    40  main.o(i.HAL_ADC_ConvCpltCallback)
    HAL_ADC_ErrorCallback                    0x080009ed   Thumb Code     2  stm32f7xx_hal_adc.o(i.HAL_ADC_ErrorCallback)
    HAL_ADC_GetValue                         0x080009ef   Thumb Code     6  stm32f7xx_hal_adc.o(i.HAL_ADC_GetValue)
    HAL_ADC_IRQHandler                       0x080009f5   Thumb Code   316  stm32f7xx_hal_adc.o(i.HAL_ADC_IRQHandler)
    HAL_ADC_Init                             0x08000b31   Thumb Code    84  stm32f7xx_hal_adc.o(i.HAL_ADC_Init)
    HAL_ADC_LevelOutOfWindowCallback         0x08000b85   Thumb Code     2  stm32f7xx_hal_adc.o(i.HAL_ADC_LevelOutOfWindowCallback)
    HAL_ADC_MspInit                          0x08000b89   Thumb Code   142  stm32f7xx_hal_msp.o(i.HAL_ADC_MspInit)
    HAL_ADC_Start                            0x08000c29   Thumb Code   226  stm32f7xx_hal_adc.o(i.HAL_ADC_Start)
    HAL_ADC_Start_IT                         0x08000d1d   Thumb Code   236  stm32f7xx_hal_adc.o(i.HAL_ADC_Start_IT)
    HAL_Delay                                0x08000e1d   Thumb Code    32  stm32f7xx_hal.o(i.HAL_Delay)
    HAL_GPIO_Init                            0x08000e41   Thumb Code   420  stm32f7xx_hal_gpio.o(i.HAL_GPIO_Init)
    HAL_GPIO_ReadPin                         0x08001019   Thumb Code    10  stm32f7xx_hal_gpio.o(i.HAL_GPIO_ReadPin)
    HAL_GPIO_WritePin                        0x08001023   Thumb Code    10  stm32f7xx_hal_gpio.o(i.HAL_GPIO_WritePin)
    HAL_GetTick                              0x0800102d   Thumb Code     6  stm32f7xx_hal.o(i.HAL_GetTick)
    HAL_IncTick                              0x08001039   Thumb Code    12  stm32f7xx_hal.o(i.HAL_IncTick)
    HAL_Init                                 0x08001049   Thumb Code    22  stm32f7xx_hal.o(i.HAL_Init)
    HAL_InitTick                             0x08001061   Thumb Code   100  stm32f7xx_hal_timebase_tim.o(i.HAL_InitTick)
    HAL_MspInit                              0x080010d5   Thumb Code    70  stm32f7xx_hal_msp.o(i.HAL_MspInit)
    HAL_NVIC_EnableIRQ                       0x08001121   Thumb Code    26  stm32f7xx_hal_cortex.o(i.HAL_NVIC_EnableIRQ)
    HAL_NVIC_SetPriority                     0x0800113d   Thumb Code    60  stm32f7xx_hal_cortex.o(i.HAL_NVIC_SetPriority)
    HAL_NVIC_SetPriorityGrouping             0x0800117d   Thumb Code    28  stm32f7xx_hal_cortex.o(i.HAL_NVIC_SetPriorityGrouping)
    HAL_PCDEx_ActivateLPM                    0x080011a1   Thumb Code    34  stm32f7xx_hal_pcd_ex.o(i.HAL_PCDEx_ActivateLPM)
    HAL_PCD_Init                             0x080011c9   Thumb Code   242  stm32f7xx_hal_pcd.o(i.HAL_PCD_Init)
    HAL_PCD_MspInit                          0x080012bd   Thumb Code   130  stm32f7xx_hal_msp.o(i.HAL_PCD_MspInit)
    HAL_RCCEx_PeriphCLKConfig                0x08001349   Thumb Code  1276  stm32f7xx_hal_rcc_ex.o(i.HAL_RCCEx_PeriphCLKConfig)
    HAL_RCC_ClockConfig                      0x08001845   Thumb Code   284  stm32f7xx_hal_rcc.o(i.HAL_RCC_ClockConfig)
    HAL_RCC_GetClockConfig                   0x08001975   Thumb Code    56  stm32f7xx_hal_rcc.o(i.HAL_RCC_GetClockConfig)
    HAL_RCC_GetPCLK1Freq                     0x080019b5   Thumb Code    20  stm32f7xx_hal_rcc.o(i.HAL_RCC_GetPCLK1Freq)
    HAL_RCC_GetPCLK2Freq                     0x080019d5   Thumb Code    20  stm32f7xx_hal_rcc.o(i.HAL_RCC_GetPCLK2Freq)
    HAL_RCC_GetSysClockFreq                  0x080019f5   Thumb Code    88  stm32f7xx_hal_rcc.o(i.HAL_RCC_GetSysClockFreq)
    HAL_RCC_OscConfig                        0x08001a55   Thumb Code   888  stm32f7xx_hal_rcc.o(i.HAL_RCC_OscConfig)
    HAL_TIMEx_Break2Callback                 0x08001dd9   Thumb Code     2  stm32f7xx_hal_tim_ex.o(i.HAL_TIMEx_Break2Callback)
    HAL_TIMEx_BreakCallback                  0x08001ddb   Thumb Code     2  stm32f7xx_hal_tim_ex.o(i.HAL_TIMEx_BreakCallback)
    HAL_TIMEx_CommutCallback                 0x08001ddd   Thumb Code     2  stm32f7xx_hal_tim_ex.o(i.HAL_TIMEx_CommutCallback)
    HAL_TIMEx_MasterConfigSynchronization    0x08001de1   Thumb Code   134  stm32f7xx_hal_tim_ex.o(i.HAL_TIMEx_MasterConfigSynchronization)
    HAL_TIM_Base_Init                        0x08001e85   Thumb Code    98  stm32f7xx_hal_tim.o(i.HAL_TIM_Base_Init)
    HAL_TIM_Base_MspInit                     0x08001ee9   Thumb Code    50  stm32f7xx_hal_msp.o(i.HAL_TIM_Base_MspInit)
    HAL_TIM_Base_Start_IT                    0x08001f25   Thumb Code   106  stm32f7xx_hal_tim.o(i.HAL_TIM_Base_Start_IT)
    HAL_TIM_IC_CaptureCallback               0x08001fb1   Thumb Code     2  stm32f7xx_hal_tim.o(i.HAL_TIM_IC_CaptureCallback)
    HAL_TIM_IRQHandler                       0x08001fb3   Thumb Code   386  stm32f7xx_hal_tim.o(i.HAL_TIM_IRQHandler)
    HAL_TIM_OC_DelayElapsedCallback          0x08002135   Thumb Code     2  stm32f7xx_hal_tim.o(i.HAL_TIM_OC_DelayElapsedCallback)
    HAL_TIM_PWM_PulseFinishedCallback        0x08002137   Thumb Code     2  stm32f7xx_hal_tim.o(i.HAL_TIM_PWM_PulseFinishedCallback)
    HAL_TIM_PeriodElapsedCallback            0x08002139   Thumb Code    14  main.o(i.HAL_TIM_PeriodElapsedCallback)
    HAL_TIM_TriggerCallback                  0x0800214d   Thumb Code     2  stm32f7xx_hal_tim.o(i.HAL_TIM_TriggerCallback)
    HAL_UART_Init                            0x0800214f   Thumb Code   102  stm32f7xx_hal_uart.o(i.HAL_UART_Init)
    HAL_UART_MspInit                         0x080021b5   Thumb Code    88  stm32f7xx_hal_msp.o(i.HAL_UART_MspInit)
    Handler_BUT_DOWN                         0x08002219   Thumb Code    74  buttonhandler.o(i.Handler_BUT_DOWN)
    Handler_BUT_START                        0x08002271   Thumb Code    58  buttonhandler.o(i.Handler_BUT_START)
    Handler_BUT_STOP                         0x080022b9   Thumb Code    56  buttonhandler.o(i.Handler_BUT_STOP)
    Handler_BUT_UP                           0x080022fd   Thumb Code    74  buttonhandler.o(i.Handler_BUT_UP)
    HardFault_Handler                        0x08002355   Thumb Code     2  stm32f7xx_it.o(i.HardFault_Handler)
    MainFSMFunction                          0x0800261d   Thumb Code    34  main.o(i.MainFSMFunction)
    MemManage_Handler                        0x08002651   Thumb Code     2  stm32f7xx_it.o(i.MemManage_Handler)
    NMI_Handler                              0x08002653   Thumb Code     2  stm32f7xx_it.o(i.NMI_Handler)
    RCC_IRQHandler                           0x08002655   Thumb Code     2  stm32f7xx_it.o(i.RCC_IRQHandler)
    StartDefaultTask                         0x08002659   Thumb Code   160  main.o(i.StartDefaultTask)
    SysTick_Handler                          0x08002711   Thumb Code    42  port.o(i.SysTick_Handler)
    SystemClock_Config                       0x08002741   Thumb Code   174  main.o(i.SystemClock_Config)
    SystemInit                               0x080027fd   Thumb Code    12  system_stm32f7xx.o(i.SystemInit)
    TIM1_TRG_COM_TIM11_IRQHandler            0x0800280d   Thumb Code     6  stm32f7xx_it.o(i.TIM1_TRG_COM_TIM11_IRQHandler)
    TIM7_IRQHandler                          0x08002819   Thumb Code     6  stm32f7xx_it.o(i.TIM7_IRQHandler)
    TIM_Base_SetConfig                       0x08002825   Thumb Code   158  stm32f7xx_hal_tim.o(i.TIM_Base_SetConfig)
    UART_AdvFeatureConfig                    0x080028f1   Thumb Code   200  stm32f7xx_hal_uart.o(i.UART_AdvFeatureConfig)
    UART_CheckIdleState                      0x080029b9   Thumb Code    64  stm32f7xx_hal_uart.o(i.UART_CheckIdleState)
    UART_SetConfig                           0x080029f9   Thumb Code   518  stm32f7xx_hal_uart.o(i.UART_SetConfig)
    UART_WaitOnFlagUntilTimeout              0x08002c2d   Thumb Code   164  stm32f7xx_hal_uart.o(i.UART_WaitOnFlagUntilTimeout)
    USB_CoreInit                             0x08002cd1   Thumb Code   104  stm32f7xx_ll_usb.o(i.USB_CoreInit)
    USB_DevDisconnect                        0x08002d75   Thumb Code    28  stm32f7xx_ll_usb.o(i.USB_DevDisconnect)
    USB_DevInit                              0x08002d91   Thumb Code   372  stm32f7xx_ll_usb.o(i.USB_DevInit)
    USB_DisableGlobalInt                     0x08002f0d   Thumb Code    12  stm32f7xx_ll_usb.o(i.USB_DisableGlobalInt)
    USB_FlushRxFifo                          0x08002f19   Thumb Code    28  stm32f7xx_ll_usb.o(i.USB_FlushRxFifo)
    USB_FlushTxFifo                          0x08002f39   Thumb Code    32  stm32f7xx_ll_usb.o(i.USB_FlushTxFifo)
    USB_SetCurrentMode                       0x08002f5d   Thumb Code    46  stm32f7xx_ll_usb.o(i.USB_SetCurrentMode)
    UsageFault_Handler                       0x08002f8b   Thumb Code     2  stm32f7xx_it.o(i.UsageFault_Handler)
    main                                     0x08002fb1   Thumb Code   204  main.o(i.main)
    osDelay                                  0x080030a1   Thumb Code    48  cmsis_os2.o(i.osDelay)
    osKernelInitialize                       0x080030d5   Thumb Code    50  cmsis_os2.o(i.osKernelInitialize)
    osKernelStart                            0x0800310d   Thumb Code    58  cmsis_os2.o(i.osKernelStart)
    osThreadNew                              0x0800314d   Thumb Code   164  cmsis_os2.o(i.osThreadNew)
    pvPortMalloc                             0x080039ad   Thumb Code   222  heap_4.o(i.pvPortMalloc)
    pxPortInitialiseStack                    0x08003a91   Thumb Code    42  port.o(i.pxPortInitialiseStack)
    readButtons                              0x08003ac1   Thumb Code    56  buttonhandler.o(i.readButtons)
    reset_LED_1                              0x08003afd   Thumb Code    10  bsp_746.o(i.reset_LED_1)
    reset_LED_10                             0x08003b0d   Thumb Code    10  bsp_746.o(i.reset_LED_10)
    reset_LED_11                             0x08003b1d   Thumb Code    10  bsp_746.o(i.reset_LED_11)
    reset_LED_12                             0x08003b2d   Thumb Code    10  bsp_746.o(i.reset_LED_12)
    reset_LED_13                             0x08003b3d   Thumb Code    10  bsp_746.o(i.reset_LED_13)
    reset_LED_14                             0x08003b4d   Thumb Code    10  bsp_746.o(i.reset_LED_14)
    reset_LED_15                             0x08003b5d   Thumb Code    10  bsp_746.o(i.reset_LED_15)
    reset_LED_16                             0x08003b6d   Thumb Code    10  bsp_746.o(i.reset_LED_16)
    reset_LED_17                             0x08003b7d   Thumb Code    12  bsp_746.o(i.reset_LED_17)
    reset_LED_18                             0x08003b8d   Thumb Code    12  bsp_746.o(i.reset_LED_18)
    reset_LED_2                              0x08003b9d   Thumb Code    10  bsp_746.o(i.reset_LED_2)
    reset_LED_3                              0x08003bad   Thumb Code    10  bsp_746.o(i.reset_LED_3)
    reset_LED_4                              0x08003bbd   Thumb Code    10  bsp_746.o(i.reset_LED_4)
    reset_LED_5                              0x08003bcd   Thumb Code    10  bsp_746.o(i.reset_LED_5)
    reset_LED_6                              0x08003bdd   Thumb Code    10  bsp_746.o(i.reset_LED_6)
    reset_LED_7                              0x08003bed   Thumb Code    10  bsp_746.o(i.reset_LED_7)
    reset_LED_8                              0x08003bfd   Thumb Code    12  bsp_746.o(i.reset_LED_8)
    reset_LED_9                              0x08003c0d   Thumb Code    10  bsp_746.o(i.reset_LED_9)
    run_fire                                 0x08003c1d   Thumb Code    66  mainfsm.o(i.run_fire)
    set_LED_1                                0x08003c65   Thumb Code    10  bsp_746.o(i.set_LED_1)
    set_LED_10                               0x08003c75   Thumb Code    10  bsp_746.o(i.set_LED_10)
    set_LED_11                               0x08003c85   Thumb Code    10  bsp_746.o(i.set_LED_11)
    set_LED_12                               0x08003c95   Thumb Code    10  bsp_746.o(i.set_LED_12)
    set_LED_13                               0x08003ca5   Thumb Code    10  bsp_746.o(i.set_LED_13)
    set_LED_14                               0x08003cb5   Thumb Code    10  bsp_746.o(i.set_LED_14)
    set_LED_15                               0x08003cc5   Thumb Code    10  bsp_746.o(i.set_LED_15)
    set_LED_16                               0x08003cd5   Thumb Code    10  bsp_746.o(i.set_LED_16)
    set_LED_17                               0x08003ce5   Thumb Code    10  bsp_746.o(i.set_LED_17)
    set_LED_18                               0x08003cf5   Thumb Code    10  bsp_746.o(i.set_LED_18)
    set_LED_2                                0x08003d05   Thumb Code    10  bsp_746.o(i.set_LED_2)
    set_LED_3                                0x08003d15   Thumb Code    10  bsp_746.o(i.set_LED_3)
    set_LED_4                                0x08003d25   Thumb Code    10  bsp_746.o(i.set_LED_4)
    set_LED_5                                0x08003d35   Thumb Code    10  bsp_746.o(i.set_LED_5)
    set_LED_6                                0x08003d45   Thumb Code    10  bsp_746.o(i.set_LED_6)
    set_LED_7                                0x08003d55   Thumb Code    10  bsp_746.o(i.set_LED_7)
    set_LED_8                                0x08003d65   Thumb Code    10  bsp_746.o(i.set_LED_8)
    set_LED_9                                0x08003d75   Thumb Code    10  bsp_746.o(i.set_LED_9)
    uxListRemove                             0x08003d85   Thumb Code    38  list.o(i.uxListRemove)
    vApplicationGetIdleTaskMemory            0x08003dad   Thumb Code    18  cmsis_os2.o(i.vApplicationGetIdleTaskMemory)
    vApplicationGetTimerTaskMemory           0x08003dc5   Thumb Code    20  cmsis_os2.o(i.vApplicationGetTimerTaskMemory)
    vListInitialise                          0x08003ddd   Thumb Code    22  list.o(i.vListInitialise)
    vListInitialiseItem                      0x08003df3   Thumb Code     6  list.o(i.vListInitialiseItem)
    vListInsert                              0x08003df9   Thumb Code    48  list.o(i.vListInsert)
    vListInsertEnd                           0x08003e29   Thumb Code    24  list.o(i.vListInsertEnd)
    vPortEnterCritical                       0x08003e41   Thumb Code    62  port.o(i.vPortEnterCritical)
    vPortExitCritical                        0x08003e89   Thumb Code    38  port.o(i.vPortExitCritical)
    vPortFree                                0x08003eb5   Thumb Code    96  heap_4.o(i.vPortFree)
    vPortSetupTimerInterrupt                 0x08003f19   Thumb Code    32  port.o(i.vPortSetupTimerInterrupt)
    vPortValidateInterruptPriority           0x08003f3d   Thumb Code    82  port.o(i.vPortValidateInterruptPriority)
    vQueueAddToRegistry                      0x08003f99   Thumb Code    34  queue.o(i.vQueueAddToRegistry)
    vQueueWaitForMessageRestricted           0x08003fc1   Thumb Code    68  queue.o(i.vQueueWaitForMessageRestricted)
    vTaskDelay                               0x08004005   Thumb Code    70  tasks.o(i.vTaskDelay)
    vTaskInternalSetTimeOutState             0x08004055   Thumb Code    12  tasks.o(i.vTaskInternalSetTimeOutState)
    vTaskMissedYield                         0x08004065   Thumb Code     8  tasks.o(i.vTaskMissedYield)
    vTaskPlaceOnEventList                    0x08004071   Thumb Code    48  tasks.o(i.vTaskPlaceOnEventList)
    vTaskPlaceOnEventListRestricted          0x080040a5   Thumb Code    56  tasks.o(i.vTaskPlaceOnEventListRestricted)
    vTaskStartScheduler                      0x080040e1   Thumb Code   126  tasks.o(i.vTaskStartScheduler)
    vTaskSuspendAll                          0x08004171   Thumb Code    10  tasks.o(i.vTaskSuspendAll)
    vTaskSwitchContext                       0x08004181   Thumb Code    94  tasks.o(i.vTaskSwitchContext)
    xPortStartScheduler                      0x080041e9   Thumb Code   176  port.o(i.xPortStartScheduler)
    xQueueGenericCreateStatic                0x080042a9   Thumb Code   118  queue.o(i.xQueueGenericCreateStatic)
    xQueueGenericReset                       0x08004321   Thumb Code   148  queue.o(i.xQueueGenericReset)
    xQueueGenericSend                        0x080043b9   Thumb Code   362  queue.o(i.xQueueGenericSend)
    xQueueGenericSendFromISR                 0x08004529   Thumb Code   204  queue.o(i.xQueueGenericSendFromISR)
    xQueueReceive                            0x080045f5   Thumb Code   322  queue.o(i.xQueueReceive)
    xTaskCheckForTimeOut                     0x0800473d   Thumb Code   124  tasks.o(i.xTaskCheckForTimeOut)
    xTaskCreate                              0x080047bd   Thumb Code    90  tasks.o(i.xTaskCreate)
    xTaskCreateStatic                        0x08004817   Thumb Code    94  tasks.o(i.xTaskCreateStatic)
    xTaskGetSchedulerState                   0x08004875   Thumb Code    22  tasks.o(i.xTaskGetSchedulerState)
    xTaskGetTickCount                        0x08004891   Thumb Code     6  tasks.o(i.xTaskGetTickCount)
    xTaskIncrementTick                       0x0800489d   Thumb Code   194  tasks.o(i.xTaskIncrementTick)
    xTaskPriorityDisinherit                  0x08004969   Thumb Code   124  tasks.o(i.xTaskPriorityDisinherit)
    xTaskRemoveFromEventList                 0x080049ed   Thumb Code   104  tasks.o(i.xTaskRemoveFromEventList)
    xTaskResumeAll                           0x08004a61   Thumb Code   188  tasks.o(i.xTaskResumeAll)
    xTimerCreateTimerTask                    0x08004b29   Thumb Code    82  timers.o(i.xTimerCreateTimerTask)
    xTimerGenericCommand                     0x08004b8d   Thumb Code   102  timers.o(i.xTimerGenericCommand)
    _fp_init                                 0x08004bf9   Thumb Code    10  fpinit.o(x$fpl$fpinit)
    __fplib_config_fpu_vfp                   0x08004c01   Thumb Code     0  fpinit.o(x$fpl$fpinit)
    __fplib_config_pureend_doubles           0x08004c01   Thumb Code     0  fpinit.o(x$fpl$fpinit)
    defaultTask_attributes                   0x08004c04   Data          36  main.o(.constdata)
    ButtonTask_attributes                    0x08004c28   Data          36  main.o(.constdata)
    MainFSM_attributes                       0x08004c4c   Data          36  main.o(.constdata)
    AHBPrescTable                            0x08004c70   Data          16  system_stm32f7xx.o(.constdata)
    APBPrescTable                            0x08004c80   Data           8  system_stm32f7xx.o(.constdata)
    Region$$Table$$Base                      0x08004ca8   Number         0  anon$$obj.o(Region$$Table)
    Region$$Table$$Limit                     0x08004cc8   Number         0  anon$$obj.o(Region$$Table)
    value_ch1                                0x20010000   Data           2  main.o(.data)
    value_ch2                                0x20010002   Data           2  main.o(.data)
    old_value_ch1                            0x20010004   Data           2  main.o(.data)
    old_value_ch2                            0x20010006   Data           2  main.o(.data)
    coefLedTime                              0x20010008   Data           4  main.o(.data)
    coefSpeedTime                            0x2001000c   Data           4  main.o(.data)
    defaultTaskHandle                        0x20010010   Data           4  main.o(.data)
    ButtonTaskHandle                         0x20010014   Data           4  main.o(.data)
    MainFSMHandle                            0x20010018   Data           4  main.o(.data)
    uwTickFreq                               0x2001001c   Data           1  stm32f7xx_hal.o(.data)
    uwTickPrio                               0x20010020   Data           4  stm32f7xx_hal.o(.data)
    uwTick                                   0x20010024   Data           4  stm32f7xx_hal.o(.data)
    SystemCoreClock                          0x20010028   Data           4  system_stm32f7xx.o(.data)
    pxCurrentTCB                             0x2001002c   Data           4  tasks.o(.data)
    ChannelNumber                            0x200100a4   Data           1  mainfsm.o(.data)
    LedTime                                  0x200100a6   Data           2  mainfsm.o(.data)
    SpeedTime                                0x200100a8   Data           2  mainfsm.o(.data)
    pfn_LED_output_set                       0x200100b0   Data          72  mainfsm.o(.data)
    pfn_LED_output_reset                     0x200100f8   Data          72  mainfsm.o(.data)
    flag_run                                 0x20010140   Data           1  mainfsm.o(.data)
    counterBUT_UP                            0x20010141   Data           1  buttonhandler.o(.data)
    counterBUT_DOWN                          0x20010142   Data           1  buttonhandler.o(.data)
    counterBUT_START                         0x20010143   Data           1  buttonhandler.o(.data)
    counterBUT_STOP                          0x20010144   Data           1  buttonhandler.o(.data)
    stateBUT_UP                              0x20010145   Data           1  buttonhandler.o(.data)
    stateBUT_DOWN                            0x20010146   Data           1  buttonhandler.o(.data)
    stateBUT_START                           0x20010147   Data           1  buttonhandler.o(.data)
    stateBUT_STOP                            0x20010148   Data           1  buttonhandler.o(.data)
    flagBUT_UP                               0x20010149   Data           1  buttonhandler.o(.data)
    flagBUT_DOWN                             0x2001014a   Data           1  buttonhandler.o(.data)
    flagBUT_START                            0x2001014b   Data           1  buttonhandler.o(.data)
    flagBUT_STOP                             0x2001014c   Data           1  buttonhandler.o(.data)
    current_button                           0x2001014d   Data           1  buttonhandler.o(.data)
    hadc1                                    0x20010150   Data          72  main.o(.bss)
    hadc2                                    0x20010198   Data          72  main.o(.bss)
    htim7                                    0x200101e0   Data          76  main.o(.bss)
    huart3                                   0x2001022c   Data         132  main.o(.bss)
    hpcd_USB_OTG_FS                          0x200102b0   Data        1028  main.o(.bss)
    htim11                                   0x200106b4   Data          76  stm32f7xx_hal_timebase_tim.o(.bss)
    xQueueRegistry                           0x20010700   Data          64  queue.o(.bss)
    __libspace_start                         0x20014fd4   Data          96  libspace.o(.bss)
    __temporary_stack_top$libspace           0x20015034   Data           0  libspace.o(.bss)



==============================================================================

Memory Map of the image

  Image Entry point : 0x080001c9

  Load Region LR_IROM1 (Base: 0x08000000, Size: 0x00004e18, Max: 0x00100000, ABSOLUTE, COMPRESSED[0x00004d54])

    Execution Region ER_IROM1 (Exec base: 0x08000000, Load base: 0x08000000, Size: 0x00004cc8, Max: 0x00100000, ABSOLUTE)

    Exec Addr    Load Addr    Size         Type   Attr      Idx    E Section Name        Object

    0x08000000   0x08000000   0x000001c8   Data   RO            3    RESET               startup_stm32f746xx.o
    0x080001c8   0x080001c8   0x00000008   Code   RO         6487  * !!!main             c_w.l(__main.o)
    0x080001d0   0x080001d0   0x00000034   Code   RO         6660    !!!scatter          c_w.l(__scatter.o)
    0x08000204   0x08000204   0x0000005a   Code   RO         6658    !!dczerorl2         c_w.l(__dczerorl2.o)
    0x0800025e   0x0800025e   0x00000002   PAD
    0x08000260   0x08000260   0x0000001c   Code   RO         6662    !!handler_zi        c_w.l(__scatter_zi.o)
    0x0800027c   0x0800027c   0x00000002   Code   RO         6526    .ARM.Collect$$libinit$$00000000  c_w.l(libinit.o)
    0x0800027e   0x0800027e   0x00000004   Code   RO         6538    .ARM.Collect$$libinit$$00000001  c_w.l(libinit2.o)
    0x08000282   0x08000282   0x00000000   Code   RO         6541    .ARM.Collect$$libinit$$00000004  c_w.l(libinit2.o)
    0x08000282   0x08000282   0x00000000   Code   RO         6544    .ARM.Collect$$libinit$$0000000A  c_w.l(libinit2.o)
    0x08000282   0x08000282   0x00000000   Code   RO         6546    .ARM.Collect$$libinit$$0000000C  c_w.l(libinit2.o)
    0x08000282   0x08000282   0x00000000   Code   RO         6548    .ARM.Collect$$libinit$$0000000E  c_w.l(libinit2.o)
    0x08000282   0x08000282   0x00000000   Code   RO         6551    .ARM.Collect$$libinit$$00000011  c_w.l(libinit2.o)
    0x08000282   0x08000282   0x00000000   Code   RO         6553    .ARM.Collect$$libinit$$00000013  c_w.l(libinit2.o)
    0x08000282   0x08000282   0x00000000   Code   RO         6555    .ARM.Collect$$libinit$$00000015  c_w.l(libinit2.o)
    0x08000282   0x08000282   0x00000000   Code   RO         6557    .ARM.Collect$$libinit$$00000017  c_w.l(libinit2.o)
    0x08000282   0x08000282   0x00000000   Code   RO         6559    .ARM.Collect$$libinit$$00000019  c_w.l(libinit2.o)
    0x08000282   0x08000282   0x00000000   Code   RO         6561    .ARM.Collect$$libinit$$0000001B  c_w.l(libinit2.o)
    0x08000282   0x08000282   0x00000000   Code   RO         6563    .ARM.Collect$$libinit$$0000001D  c_w.l(libinit2.o)
    0x08000282   0x08000282   0x00000000   Code   RO         6565    .ARM.Collect$$libinit$$0000001F  c_w.l(libinit2.o)
    0x08000282   0x08000282   0x00000000   Code   RO         6567    .ARM.Collect$$libinit$$00000021  c_w.l(libinit2.o)
    0x08000282   0x08000282   0x00000000   Code   RO         6569    .ARM.Collect$$libinit$$00000023  c_w.l(libinit2.o)
    0x08000282   0x08000282   0x00000000   Code   RO         6571    .ARM.Collect$$libinit$$00000025  c_w.l(libinit2.o)
    0x08000282   0x08000282   0x00000000   Code   RO         6575    .ARM.Collect$$libinit$$0000002C  c_w.l(libinit2.o)
    0x08000282   0x08000282   0x00000000   Code   RO         6577    .ARM.Collect$$libinit$$0000002E  c_w.l(libinit2.o)
    0x08000282   0x08000282   0x00000000   Code   RO         6579    .ARM.Collect$$libinit$$00000030  c_w.l(libinit2.o)
    0x08000282   0x08000282   0x00000000   Code   RO         6581    .ARM.Collect$$libinit$$00000032  c_w.l(libinit2.o)
    0x08000282   0x08000282   0x00000002   Code   RO         6582    .ARM.Collect$$libinit$$00000033  c_w.l(libinit2.o)
    0x08000284   0x08000284   0x00000002   Code   RO         6613    .ARM.Collect$$libshutdown$$00000000  c_w.l(libshutdown.o)
    0x08000286   0x08000286   0x00000000   Code   RO         6639    .ARM.Collect$$libshutdown$$00000002  c_w.l(libshutdown2.o)
    0x08000286   0x08000286   0x00000000   Code   RO         6641    .ARM.Collect$$libshutdown$$00000004  c_w.l(libshutdown2.o)
    0x08000286   0x08000286   0x00000000   Code   RO         6643    .ARM.Collect$$libshutdown$$00000006  c_w.l(libshutdown2.o)
    0x08000286   0x08000286   0x00000000   Code   RO         6646    .ARM.Collect$$libshutdown$$00000009  c_w.l(libshutdown2.o)
    0x08000286   0x08000286   0x00000000   Code   RO         6649    .ARM.Collect$$libshutdown$$0000000C  c_w.l(libshutdown2.o)
    0x08000286   0x08000286   0x00000000   Code   RO         6651    .ARM.Collect$$libshutdown$$0000000E  c_w.l(libshutdown2.o)
    0x08000286   0x08000286   0x00000000   Code   RO         6654    .ARM.Collect$$libshutdown$$00000011  c_w.l(libshutdown2.o)
    0x08000286   0x08000286   0x00000002   Code   RO         6655    .ARM.Collect$$libshutdown$$00000012  c_w.l(libshutdown2.o)
    0x08000288   0x08000288   0x00000000   Code   RO         6489    .ARM.Collect$$rtentry$$00000000  c_w.l(__rtentry.o)
    0x08000288   0x08000288   0x00000000   Code   RO         6497    .ARM.Collect$$rtentry$$00000002  c_w.l(__rtentry2.o)
    0x08000288   0x08000288   0x00000006   Code   RO         6509    .ARM.Collect$$rtentry$$00000004  c_w.l(__rtentry4.o)
    0x0800028e   0x0800028e   0x00000000   Code   RO         6499    .ARM.Collect$$rtentry$$00000009  c_w.l(__rtentry2.o)
    0x0800028e   0x0800028e   0x00000004   Code   RO         6500    .ARM.Collect$$rtentry$$0000000A  c_w.l(__rtentry2.o)
    0x08000292   0x08000292   0x00000000   Code   RO         6502    .ARM.Collect$$rtentry$$0000000C  c_w.l(__rtentry2.o)
    0x08000292   0x08000292   0x00000008   Code   RO         6503    .ARM.Collect$$rtentry$$0000000D  c_w.l(__rtentry2.o)
    0x0800029a   0x0800029a   0x00000002   Code   RO         6530    .ARM.Collect$$rtexit$$00000000  c_w.l(rtexit.o)
    0x0800029c   0x0800029c   0x00000000   Code   RO         6586    .ARM.Collect$$rtexit$$00000002  c_w.l(rtexit2.o)
    0x0800029c   0x0800029c   0x00000004   Code   RO         6587    .ARM.Collect$$rtexit$$00000003  c_w.l(rtexit2.o)
    0x080002a0   0x080002a0   0x00000006   Code   RO         6588    .ARM.Collect$$rtexit$$00000004  c_w.l(rtexit2.o)
    0x080002a6   0x080002a6   0x00000002   PAD
    0x080002a8   0x080002a8   0x000000c2   Code   RO         6075    .emb_text           port.o
    0x0800036a   0x0800036a   0x00000002   PAD
    0x0800036c   0x0800036c   0x00000040   Code   RO            4    .text               startup_stm32f746xx.o
    0x080003ac   0x080003ac   0x000000ee   Code   RO         6473    .text               c_w.l(lludivv7m.o)
    0x0800049a   0x0800049a   0x0000008a   Code   RO         6475    .text               c_w.l(rt_memcpy_v6.o)
    0x08000524   0x08000524   0x00000064   Code   RO         6477    .text               c_w.l(rt_memcpy_w.o)
    0x08000588   0x08000588   0x00000010   Code   RO         6481    .text               c_w.l(aeabi_memset.o)
    0x08000598   0x08000598   0x0000004e   Code   RO         6483    .text               c_w.l(rt_memclr_w.o)
    0x080005e6   0x080005e6   0x00000006   Code   RO         6485    .text               c_w.l(heapauxi.o)
    0x080005ec   0x080005ec   0x00000044   Code   RO         6494    .text               c_w.l(rt_memclr.o)
    0x08000630   0x08000630   0x0000004a   Code   RO         6513    .text               c_w.l(sys_stackheap_outer.o)
    0x0800067a   0x0800067a   0x00000012   Code   RO         6515    .text               c_w.l(exit.o)
    0x0800068c   0x0800068c   0x00000008   Code   RO         6527    .text               c_w.l(libspace.o)
    0x08000694   0x08000694   0x0000000c   Code   RO         6583    .text               c_w.l(sys_exit.o)
    0x080006a0   0x080006a0   0x00000002   Code   RO         6602    .text               c_w.l(use_no_semi.o)
    0x080006a2   0x080006a2   0x00000000   Code   RO         6604    .text               c_w.l(indicate_semi.o)
    0x080006a2   0x080006a2   0x00000002   PAD
    0x080006a4   0x080006a4   0x0000001c   Code   RO          305    i.ADC_IRQHandler    stm32f7xx_it.o
    0x080006c0   0x080006c0   0x00000138   Code   RO          501    i.ADC_Init          stm32f7xx_hal_adc.o
    0x080007f8   0x080007f8   0x00000002   Code   RO          306    i.BusFault_Handler  stm32f7xx_it.o
    0x080007fa   0x080007fa   0x0000000c   Code   RO           13    i.ButtonTaskFunction  main.o
    0x08000806   0x08000806   0x00000002   Code   RO          307    i.DebugMon_Handler  stm32f7xx_it.o
    0x08000808   0x08000808   0x00000002   Code   RO          672    i.HAL_ADCEx_InjectedConvCpltCallback  stm32f7xx_hal_adc_ex.o
    0x0800080a   0x0800080a   0x00000002   PAD
    0x0800080c   0x0800080c   0x000001a8   Code   RO          503    i.HAL_ADC_ConfigChannel  stm32f7xx_hal_adc.o
    0x080009b4   0x080009b4   0x00000038   Code   RO           15    i.HAL_ADC_ConvCpltCallback  main.o
    0x080009ec   0x080009ec   0x00000002   Code   RO          507    i.HAL_ADC_ErrorCallback  stm32f7xx_hal_adc.o
    0x080009ee   0x080009ee   0x00000006   Code   RO          510    i.HAL_ADC_GetValue  stm32f7xx_hal_adc.o
    0x080009f4   0x080009f4   0x0000013c   Code   RO          511    i.HAL_ADC_IRQHandler  stm32f7xx_hal_adc.o
    0x08000b30   0x08000b30   0x00000054   Code   RO          512    i.HAL_ADC_Init      stm32f7xx_hal_adc.o
    0x08000b84   0x08000b84   0x00000002   Code   RO          513    i.HAL_ADC_LevelOutOfWindowCallback  stm32f7xx_hal_adc.o
    0x08000b86   0x08000b86   0x00000002   PAD
    0x08000b88   0x08000b88   0x000000a0   Code   RO          388    i.HAL_ADC_MspInit   stm32f7xx_hal_msp.o
    0x08000c28   0x08000c28   0x000000f4   Code   RO          518    i.HAL_ADC_Start     stm32f7xx_hal_adc.o
    0x08000d1c   0x08000d1c   0x00000100   Code   RO          520    i.HAL_ADC_Start_IT  stm32f7xx_hal_adc.o
    0x08000e1c   0x08000e1c   0x00000024   Code   RO         1688    i.HAL_Delay         stm32f7xx_hal.o
    0x08000e40   0x08000e40   0x000001d8   Code   RO         1120    i.HAL_GPIO_Init     stm32f7xx_hal_gpio.o
    0x08001018   0x08001018   0x0000000a   Code   RO         1122    i.HAL_GPIO_ReadPin  stm32f7xx_hal_gpio.o
    0x08001022   0x08001022   0x0000000a   Code   RO         1124    i.HAL_GPIO_WritePin  stm32f7xx_hal_gpio.o
    0x0800102c   0x0800102c   0x0000000c   Code   RO         1696    i.HAL_GetTick       stm32f7xx_hal.o
    0x08001038   0x08001038   0x00000010   Code   RO         1702    i.HAL_IncTick       stm32f7xx_hal.o
    0x08001048   0x08001048   0x00000016   Code   RO         1703    i.HAL_Init          stm32f7xx_hal.o
    0x0800105e   0x0800105e   0x00000002   PAD
    0x08001060   0x08001060   0x00000074   Code   RO          459    i.HAL_InitTick      stm32f7xx_hal_timebase_tim.o
    0x080010d4   0x080010d4   0x0000004c   Code   RO          389    i.HAL_MspInit       stm32f7xx_hal_msp.o
    0x08001120   0x08001120   0x0000001a   Code   RO         1551    i.HAL_NVIC_EnableIRQ  stm32f7xx_hal_cortex.o
    0x0800113a   0x0800113a   0x00000002   PAD
    0x0800113c   0x0800113c   0x00000040   Code   RO         1557    i.HAL_NVIC_SetPriority  stm32f7xx_hal_cortex.o
    0x0800117c   0x0800117c   0x00000024   Code   RO         1558    i.HAL_NVIC_SetPriorityGrouping  stm32f7xx_hal_cortex.o
    0x080011a0   0x080011a0   0x00000028   Code   RO         4116    i.HAL_PCDEx_ActivateLPM  stm32f7xx_hal_pcd_ex.o
    0x080011c8   0x080011c8   0x000000f2   Code   RO         3911    i.HAL_PCD_Init      stm32f7xx_hal_pcd.o
    0x080012ba   0x080012ba   0x00000002   PAD
    0x080012bc   0x080012bc   0x0000008c   Code   RO          391    i.HAL_PCD_MspInit   stm32f7xx_hal_msp.o
    0x08001348   0x08001348   0x000004fc   Code   RO          881    i.HAL_RCCEx_PeriphCLKConfig  stm32f7xx_hal_rcc_ex.o
    0x08001844   0x08001844   0x00000130   Code   RO          774    i.HAL_RCC_ClockConfig  stm32f7xx_hal_rcc.o
    0x08001974   0x08001974   0x00000040   Code   RO          778    i.HAL_RCC_GetClockConfig  stm32f7xx_hal_rcc.o
    0x080019b4   0x080019b4   0x00000020   Code   RO          781    i.HAL_RCC_GetPCLK1Freq  stm32f7xx_hal_rcc.o
    0x080019d4   0x080019d4   0x00000020   Code   RO          782    i.HAL_RCC_GetPCLK2Freq  stm32f7xx_hal_rcc.o
    0x080019f4   0x080019f4   0x00000060   Code   RO          783    i.HAL_RCC_GetSysClockFreq  stm32f7xx_hal_rcc.o
    0x08001a54   0x08001a54   0x00000384   Code   RO          786    i.HAL_RCC_OscConfig  stm32f7xx_hal_rcc.o
    0x08001dd8   0x08001dd8   0x00000002   Code   RO         3171    i.HAL_TIMEx_Break2Callback  stm32f7xx_hal_tim_ex.o
    0x08001dda   0x08001dda   0x00000002   Code   RO         3172    i.HAL_TIMEx_BreakCallback  stm32f7xx_hal_tim_ex.o
    0x08001ddc   0x08001ddc   0x00000002   Code   RO         3173    i.HAL_TIMEx_CommutCallback  stm32f7xx_hal_tim_ex.o
    0x08001dde   0x08001dde   0x00000002   PAD
    0x08001de0   0x08001de0   0x000000a4   Code   RO         3192    i.HAL_TIMEx_MasterConfigSynchronization  stm32f7xx_hal_tim_ex.o
    0x08001e84   0x08001e84   0x00000062   Code   RO         2457    i.HAL_TIM_Base_Init  stm32f7xx_hal_tim.o
    0x08001ee6   0x08001ee6   0x00000002   PAD
    0x08001ee8   0x08001ee8   0x0000003c   Code   RO          393    i.HAL_TIM_Base_MspInit  stm32f7xx_hal_msp.o
    0x08001f24   0x08001f24   0x0000008c   Code   RO         2462    i.HAL_TIM_Base_Start_IT  stm32f7xx_hal_tim.o
    0x08001fb0   0x08001fb0   0x00000002   Code   RO         2491    i.HAL_TIM_IC_CaptureCallback  stm32f7xx_hal_tim.o
    0x08001fb2   0x08001fb2   0x00000182   Code   RO         2505    i.HAL_TIM_IRQHandler  stm32f7xx_hal_tim.o
    0x08002134   0x08002134   0x00000002   Code   RO         2508    i.HAL_TIM_OC_DelayElapsedCallback  stm32f7xx_hal_tim.o
    0x08002136   0x08002136   0x00000002   Code   RO         2535    i.HAL_TIM_PWM_PulseFinishedCallback  stm32f7xx_hal_tim.o
    0x08002138   0x08002138   0x00000014   Code   RO           16    i.HAL_TIM_PeriodElapsedCallback  main.o
    0x0800214c   0x0800214c   0x00000002   Code   RO         2548    i.HAL_TIM_TriggerCallback  stm32f7xx_hal_tim.o
    0x0800214e   0x0800214e   0x00000066   Code   RO         3479    i.HAL_UART_Init     stm32f7xx_hal_uart.o
    0x080021b4   0x080021b4   0x00000064   Code   RO          395    i.HAL_UART_MspInit  stm32f7xx_hal_msp.o
    0x08002218   0x08002218   0x00000058   Code   RO         6423    i.Handler_BUT_DOWN  buttonhandler.o
    0x08002270   0x08002270   0x00000048   Code   RO         6424    i.Handler_BUT_START  buttonhandler.o
    0x080022b8   0x080022b8   0x00000044   Code   RO         6425    i.Handler_BUT_STOP  buttonhandler.o
    0x080022fc   0x080022fc   0x00000058   Code   RO         6426    i.Handler_BUT_UP    buttonhandler.o
    0x08002354   0x08002354   0x00000002   Code   RO          308    i.HardFault_Handler  stm32f7xx_it.o
    0x08002356   0x08002356   0x00000002   PAD
    0x08002358   0x08002358   0x0000005c   Code   RO           17    i.MX_ADC1_Init      main.o
    0x080023b4   0x080023b4   0x0000005c   Code   RO           18    i.MX_ADC2_Init      main.o
    0x08002410   0x08002410   0x000001a0   Code   RO           19    i.MX_GPIO_Init      main.o
    0x080025b0   0x080025b0   0x00000038   Code   RO           20    i.MX_USART3_UART_Init  main.o
    0x080025e8   0x080025e8   0x00000034   Code   RO           21    i.MX_USB_OTG_FS_PCD_Init  main.o
    0x0800261c   0x0800261c   0x00000034   Code   RO           22    i.MainFSMFunction   main.o
    0x08002650   0x08002650   0x00000002   Code   RO          309    i.MemManage_Handler  stm32f7xx_it.o
    0x08002652   0x08002652   0x00000002   Code   RO          310    i.NMI_Handler       stm32f7xx_it.o
    0x08002654   0x08002654   0x00000002   Code   RO          311    i.RCC_IRQHandler    stm32f7xx_it.o
    0x08002656   0x08002656   0x00000002   PAD
    0x08002658   0x08002658   0x000000b8   Code   RO           23    i.StartDefaultTask  main.o
    0x08002710   0x08002710   0x00000030   Code   RO         6076    i.SysTick_Handler   port.o
    0x08002740   0x08002740   0x000000bc   Code   RO           24    i.SystemClock_Config  main.o
    0x080027fc   0x080027fc   0x00000010   Code   RO         4469    i.SystemInit        system_stm32f7xx.o
    0x0800280c   0x0800280c   0x0000000c   Code   RO          312    i.TIM1_TRG_COM_TIM11_IRQHandler  stm32f7xx_it.o
    0x08002818   0x08002818   0x0000000c   Code   RO          313    i.TIM7_IRQHandler   stm32f7xx_it.o
    0x08002824   0x08002824   0x000000cc   Code   RO         2550    i.TIM_Base_SetConfig  stm32f7xx_hal_tim.o
    0x080028f0   0x080028f0   0x000000c8   Code   RO         3493    i.UART_AdvFeatureConfig  stm32f7xx_hal_uart.o
    0x080029b8   0x080029b8   0x00000040   Code   RO         3494    i.UART_CheckIdleState  stm32f7xx_hal_uart.o
    0x080029f8   0x080029f8   0x00000234   Code   RO         3509    i.UART_SetConfig    stm32f7xx_hal_uart.o
    0x08002c2c   0x08002c2c   0x000000a4   Code   RO         3514    i.UART_WaitOnFlagUntilTimeout  stm32f7xx_hal_uart.o
    0x08002cd0   0x08002cd0   0x0000006c   Code   RO         4175    i.USB_CoreInit      stm32f7xx_ll_usb.o
    0x08002d3c   0x08002d3c   0x00000038   Code   RO         4176    i.USB_CoreReset     stm32f7xx_ll_usb.o
    0x08002d74   0x08002d74   0x0000001c   Code   RO         4181    i.USB_DevDisconnect  stm32f7xx_ll_usb.o
    0x08002d90   0x08002d90   0x0000017c   Code   RO         4182    i.USB_DevInit       stm32f7xx_ll_usb.o
    0x08002f0c   0x08002f0c   0x0000000c   Code   RO         4183    i.USB_DisableGlobalInt  stm32f7xx_ll_usb.o
    0x08002f18   0x08002f18   0x00000020   Code   RO         4192    i.USB_FlushRxFifo   stm32f7xx_ll_usb.o
    0x08002f38   0x08002f38   0x00000024   Code   RO         4193    i.USB_FlushTxFifo   stm32f7xx_ll_usb.o
    0x08002f5c   0x08002f5c   0x0000002e   Code   RO         4211    i.USB_SetCurrentMode  stm32f7xx_ll_usb.o
    0x08002f8a   0x08002f8a   0x00000002   Code   RO          314    i.UsageFault_Handler  stm32f7xx_it.o
    0x08002f8c   0x08002f8c   0x00000022   Code   RO         1564    i.__NVIC_SetPriority  stm32f7xx_hal_cortex.o
    0x08002fae   0x08002fae   0x00000002   PAD
    0x08002fb0   0x08002fb0   0x000000f0   Code   RO           25    i.main              main.o
    0x080030a0   0x080030a0   0x00000034   Code   RO         5596    i.osDelay           cmsis_os2.o
    0x080030d4   0x080030d4   0x00000038   Code   RO         5610    i.osKernelInitialize  cmsis_os2.o
    0x0800310c   0x0800310c   0x00000040   Code   RO         5613    i.osKernelStart     cmsis_os2.o
    0x0800314c   0x0800314c   0x000000a8   Code   RO         5646    i.osThreadNew       cmsis_os2.o
    0x080031f4   0x080031f4   0x0000005c   Code   RO         5077    i.prvAddCurrentTaskToDelayedList  tasks.o
    0x08003250   0x08003250   0x000000d0   Code   RO         5078    i.prvAddNewTaskToReadyList  tasks.o
    0x08003320   0x08003320   0x00000058   Code   RO         5430    i.prvCheckForValidListAndQueue  timers.o
    0x08003378   0x08003378   0x00000026   Code   RO         4674    i.prvCopyDataFromQueue  queue.o
    0x0800339e   0x0800339e   0x0000006c   Code   RO         4675    i.prvCopyDataToQueue  queue.o
    0x0800340a   0x0800340a   0x00000038   Code   RO         5079    i.prvDeleteTCB      tasks.o
    0x08003442   0x08003442   0x00000002   PAD
    0x08003444   0x08003444   0x00000050   Code   RO         6026    i.prvHeapInit       heap_4.o
    0x08003494   0x08003494   0x00000060   Code   RO         5080    i.prvIdleTask       tasks.o
    0x080034f4   0x080034f4   0x00000022   Code   RO         4677    i.prvInitialiseNewQueue  queue.o
    0x08003516   0x08003516   0x000000b4   Code   RO         5081    i.prvInitialiseNewTask  tasks.o
    0x080035ca   0x080035ca   0x00000002   PAD
    0x080035cc   0x080035cc   0x0000004c   Code   RO         6027    i.prvInsertBlockIntoFreeList  heap_4.o
    0x08003618   0x08003618   0x0000003c   Code   RO         5432    i.prvInsertTimerInActiveList  timers.o
    0x08003654   0x08003654   0x0000001c   Code   RO         4678    i.prvIsQueueEmpty   queue.o
    0x08003670   0x08003670   0x00000100   Code   RO         5433    i.prvProcessReceivedCommands  timers.o
    0x08003770   0x08003770   0x000000c4   Code   RO         5434    i.prvProcessTimerOrBlockTask  timers.o
    0x08003834   0x08003834   0x00000020   Code   RO         5083    i.prvResetNextTaskUnblockTime  tasks.o
    0x08003854   0x08003854   0x00000028   Code   RO         5435    i.prvSampleTimeNow  timers.o
    0x0800387c   0x0800387c   0x00000070   Code   RO         5436    i.prvSwitchTimerLists  timers.o
    0x080038ec   0x080038ec   0x00000030   Code   RO         6077    i.prvTaskExitError  port.o
    0x0800391c   0x0800391c   0x00000024   Code   RO         5437    i.prvTimerTask      timers.o
    0x08003940   0x08003940   0x0000006a   Code   RO         4679    i.prvUnlockQueue    queue.o
    0x080039aa   0x080039aa   0x00000002   PAD
    0x080039ac   0x080039ac   0x000000e4   Code   RO         6028    i.pvPortMalloc      heap_4.o
    0x08003a90   0x08003a90   0x00000030   Code   RO         6078    i.pxPortInitialiseStack  port.o
    0x08003ac0   0x08003ac0   0x0000003c   Code   RO         6427    i.readButtons       buttonhandler.o
    0x08003afc   0x08003afc   0x00000010   Code   RO         6155    i.reset_LED_1       bsp_746.o
    0x08003b0c   0x08003b0c   0x00000010   Code   RO         6156    i.reset_LED_10      bsp_746.o
    0x08003b1c   0x08003b1c   0x00000010   Code   RO         6157    i.reset_LED_11      bsp_746.o
    0x08003b2c   0x08003b2c   0x00000010   Code   RO         6158    i.reset_LED_12      bsp_746.o
    0x08003b3c   0x08003b3c   0x00000010   Code   RO         6159    i.reset_LED_13      bsp_746.o
    0x08003b4c   0x08003b4c   0x00000010   Code   RO         6160    i.reset_LED_14      bsp_746.o
    0x08003b5c   0x08003b5c   0x00000010   Code   RO         6161    i.reset_LED_15      bsp_746.o
    0x08003b6c   0x08003b6c   0x00000010   Code   RO         6162    i.reset_LED_16      bsp_746.o
    0x08003b7c   0x08003b7c   0x00000010   Code   RO         6163    i.reset_LED_17      bsp_746.o
    0x08003b8c   0x08003b8c   0x00000010   Code   RO         6164    i.reset_LED_18      bsp_746.o
    0x08003b9c   0x08003b9c   0x00000010   Code   RO         6165    i.reset_LED_2       bsp_746.o
    0x08003bac   0x08003bac   0x00000010   Code   RO         6166    i.reset_LED_3       bsp_746.o
    0x08003bbc   0x08003bbc   0x00000010   Code   RO         6167    i.reset_LED_4       bsp_746.o
    0x08003bcc   0x08003bcc   0x00000010   Code   RO         6168    i.reset_LED_5       bsp_746.o
    0x08003bdc   0x08003bdc   0x00000010   Code   RO         6169    i.reset_LED_6       bsp_746.o
    0x08003bec   0x08003bec   0x00000010   Code   RO         6170    i.reset_LED_7       bsp_746.o
    0x08003bfc   0x08003bfc   0x00000010   Code   RO         6171    i.reset_LED_8       bsp_746.o
    0x08003c0c   0x08003c0c   0x00000010   Code   RO         6172    i.reset_LED_9       bsp_746.o
    0x08003c1c   0x08003c1c   0x00000048   Code   RO         6389    i.run_fire          mainfsm.o
    0x08003c64   0x08003c64   0x00000010   Code   RO         6173    i.set_LED_1         bsp_746.o
    0x08003c74   0x08003c74   0x00000010   Code   RO         6174    i.set_LED_10        bsp_746.o
    0x08003c84   0x08003c84   0x00000010   Code   RO         6175    i.set_LED_11        bsp_746.o
    0x08003c94   0x08003c94   0x00000010   Code   RO         6176    i.set_LED_12        bsp_746.o
    0x08003ca4   0x08003ca4   0x00000010   Code   RO         6177    i.set_LED_13        bsp_746.o
    0x08003cb4   0x08003cb4   0x00000010   Code   RO         6178    i.set_LED_14        bsp_746.o
    0x08003cc4   0x08003cc4   0x00000010   Code   RO         6179    i.set_LED_15        bsp_746.o
    0x08003cd4   0x08003cd4   0x00000010   Code   RO         6180    i.set_LED_16        bsp_746.o
    0x08003ce4   0x08003ce4   0x00000010   Code   RO         6181    i.set_LED_17        bsp_746.o
    0x08003cf4   0x08003cf4   0x00000010   Code   RO         6182    i.set_LED_18        bsp_746.o
    0x08003d04   0x08003d04   0x00000010   Code   RO         6183    i.set_LED_2         bsp_746.o
    0x08003d14   0x08003d14   0x00000010   Code   RO         6184    i.set_LED_3         bsp_746.o
    0x08003d24   0x08003d24   0x00000010   Code   RO         6185    i.set_LED_4         bsp_746.o
    0x08003d34   0x08003d34   0x00000010   Code   RO         6186    i.set_LED_5         bsp_746.o
    0x08003d44   0x08003d44   0x00000010   Code   RO         6187    i.set_LED_6         bsp_746.o
    0x08003d54   0x08003d54   0x00000010   Code   RO         6188    i.set_LED_7         bsp_746.o
    0x08003d64   0x08003d64   0x00000010   Code   RO         6189    i.set_LED_8         bsp_746.o
    0x08003d74   0x08003d74   0x00000010   Code   RO         6190    i.set_LED_9         bsp_746.o
    0x08003d84   0x08003d84   0x00000026   Code   RO         4634    i.uxListRemove      list.o
    0x08003daa   0x08003daa   0x00000002   PAD
    0x08003dac   0x08003dac   0x00000018   Code   RO         5658    i.vApplicationGetIdleTaskMemory  cmsis_os2.o
    0x08003dc4   0x08003dc4   0x00000018   Code   RO         5659    i.vApplicationGetTimerTaskMemory  cmsis_os2.o
    0x08003ddc   0x08003ddc   0x00000016   Code   RO         4635    i.vListInitialise   list.o
    0x08003df2   0x08003df2   0x00000006   Code   RO         4636    i.vListInitialiseItem  list.o
    0x08003df8   0x08003df8   0x00000030   Code   RO         4637    i.vListInsert       list.o
    0x08003e28   0x08003e28   0x00000018   Code   RO         4638    i.vListInsertEnd    list.o
    0x08003e40   0x08003e40   0x00000048   Code   RO         6080    i.vPortEnterCritical  port.o
    0x08003e88   0x08003e88   0x0000002c   Code   RO         6081    i.vPortExitCritical  port.o
    0x08003eb4   0x08003eb4   0x00000064   Code   RO         6029    i.vPortFree         heap_4.o
    0x08003f18   0x08003f18   0x00000024   Code   RO         6082    i.vPortSetupTimerInterrupt  port.o
    0x08003f3c   0x08003f3c   0x0000005c   Code   RO         6083    i.vPortValidateInterruptPriority  port.o
    0x08003f98   0x08003f98   0x00000028   Code   RO         4685    i.vQueueAddToRegistry  queue.o
    0x08003fc0   0x08003fc0   0x00000044   Code   RO         4689    i.vQueueWaitForMessageRestricted  queue.o
    0x08004004   0x08004004   0x00000050   Code   RO         5095    i.vTaskDelay        tasks.o
    0x08004054   0x08004054   0x00000010   Code   RO         5100    i.vTaskInternalSetTimeOutState  tasks.o
    0x08004064   0x08004064   0x0000000c   Code   RO         5101    i.vTaskMissedYield  tasks.o
    0x08004070   0x08004070   0x00000034   Code   RO         5103    i.vTaskPlaceOnEventList  tasks.o
    0x080040a4   0x080040a4   0x0000003c   Code   RO         5104    i.vTaskPlaceOnEventListRestricted  tasks.o
    0x080040e0   0x080040e0   0x00000090   Code   RO         5112    i.vTaskStartScheduler  tasks.o
    0x08004170   0x08004170   0x00000010   Code   RO         5114    i.vTaskSuspendAll   tasks.o
    0x08004180   0x08004180   0x00000068   Code   RO         5115    i.vTaskSwitchContext  tasks.o
    0x080041e8   0x080041e8   0x000000c0   Code   RO         6084    i.xPortStartScheduler  port.o
    0x080042a8   0x080042a8   0x00000076   Code   RO         4695    i.xQueueGenericCreateStatic  queue.o
    0x0800431e   0x0800431e   0x00000002   PAD
    0x08004320   0x08004320   0x00000098   Code   RO         4696    i.xQueueGenericReset  queue.o
    0x080043b8   0x080043b8   0x00000170   Code   RO         4697    i.xQueueGenericSend  queue.o
    0x08004528   0x08004528   0x000000cc   Code   RO         4698    i.xQueueGenericSendFromISR  queue.o
    0x080045f4   0x080045f4   0x00000148   Code   RO         4707    i.xQueueReceive     queue.o
    0x0800473c   0x0800473c   0x00000080   Code   RO         5116    i.xTaskCheckForTimeOut  tasks.o
    0x080047bc   0x080047bc   0x0000005a   Code   RO         5117    i.xTaskCreate       tasks.o
    0x08004816   0x08004816   0x0000005e   Code   RO         5118    i.xTaskCreateStatic  tasks.o
    0x08004874   0x08004874   0x0000001c   Code   RO         5122    i.xTaskGetSchedulerState  tasks.o
    0x08004890   0x08004890   0x0000000c   Code   RO         5123    i.xTaskGetTickCount  tasks.o
    0x0800489c   0x0800489c   0x000000cc   Code   RO         5125    i.xTaskIncrementTick  tasks.o
    0x08004968   0x08004968   0x00000084   Code   RO         5128    i.xTaskPriorityDisinherit  tasks.o
    0x080049ec   0x080049ec   0x00000074   Code   RO         5130    i.xTaskRemoveFromEventList  tasks.o
    0x08004a60   0x08004a60   0x000000c8   Code   RO         5131    i.xTaskResumeAll    tasks.o
    0x08004b28   0x08004b28   0x00000064   Code   RO         5445    i.xTimerCreateTimerTask  timers.o
    0x08004b8c   0x08004b8c   0x0000006c   Code   RO         5446    i.xTimerGenericCommand  timers.o
    0x08004bf8   0x08004bf8   0x0000000a   Code   RO         6598    x$fpl$fpinit        fz_wm.l(fpinit.o)
    0x08004c02   0x08004c02   0x00000002   PAD
    0x08004c04   0x08004c04   0x0000006c   Data   RO           27    .constdata          main.o
    0x08004c70   0x08004c70   0x00000010   Data   RO         4470    .constdata          system_stm32f7xx.o
    0x08004c80   0x08004c80   0x00000008   Data   RO         4471    .constdata          system_stm32f7xx.o
    0x08004c88   0x08004c88   0x00000020   Data   RO           29    .conststring        main.o
    0x08004ca8   0x08004ca8   0x00000020   Data   RO         6656    Region$$Table       anon$$obj.o


    Execution Region RW_IRAM2 (Exec base: 0x20000000, Load base: 0x08004d54, Size: 0x00000000, Max: 0x00010000, ABSOLUTE)

    **** No section assigned to this execution region ****


    Execution Region RW_IRAM1 (Exec base: 0x20010000, Load base: 0x08004cc8, Size: 0x0000b038, Max: 0x00040000, ABSOLUTE, COMPRESSED[0x0000008c])

    Exec Addr    Load Addr    Size         Type   Attr      Idx    E Section Name        Object

    0x20010000   COMPRESSED   0x0000001c   Data   RW           31    .data               main.o
    0x2001001c   COMPRESSED   0x0000000c   Data   RW         1710    .data               stm32f7xx_hal.o
    0x20010028   COMPRESSED   0x00000004   Data   RW         4472    .data               system_stm32f7xx.o
    0x2001002c   COMPRESSED   0x0000003c   Data   RW         5134    .data               tasks.o
    0x20010068   COMPRESSED   0x00000014   Data   RW         5454    .data               timers.o
    0x2001007c   COMPRESSED   0x00000004   Data   RW         5661    .data               cmsis_os2.o
    0x20010080   COMPRESSED   0x00000018   Data   RW         6034    .data               heap_4.o
    0x20010098   COMPRESSED   0x0000000c   Data   RW         6085    .data               port.o
    0x200100a4   COMPRESSED   0x00000001   Data   RW         6390    .data               mainfsm.o
    0x200100a5   COMPRESSED   0x00000001   PAD
    0x200100a6   COMPRESSED   0x00000002   Data   RW         6391    .data               mainfsm.o
    0x200100a8   COMPRESSED   0x00000002   Data   RW         6392    .data               mainfsm.o
    0x200100aa   COMPRESSED   0x00000002   PAD
    0x200100ac   COMPRESSED   0x00000094   Data   RW         6393    .data               mainfsm.o
    0x20010140   COMPRESSED   0x00000001   Data   RW         6394    .data               mainfsm.o
    0x20010141   COMPRESSED   0x0000000d   Data   RW         6428    .data               buttonhandler.o
    0x2001014e   COMPRESSED   0x00000002   PAD
    0x20010150        -       0x00000564   Zero   RW           26    .bss                main.o
    0x200106b4        -       0x0000004c   Zero   RW          462    .bss                stm32f7xx_hal_timebase_tim.o
    0x20010700        -       0x00000040   Zero   RW         4711    .bss                queue.o
    0x20010740        -       0x000004c4   Zero   RW         5133    .bss                tasks.o
    0x20010c04        -       0x00000118   Zero   RW         5453    .bss                timers.o
    0x20010d1c        -       0x000006b8   Zero   RW         5660    .bss                cmsis_os2.o
    0x200113d4        -       0x00003c00   Zero   RW         6033    .bss                heap_4.o
    0x20014fd4        -       0x00000060   Zero   RW         6528    .bss                c_w.l(libspace.o)
    0x20015034   COMPRESSED   0x00000004   PAD
    0x20015038        -       0x00002000   Zero   RW            2    HEAP                startup_stm32f746xx.o
    0x20017038        -       0x00004000   Zero   RW            1    STACK               startup_stm32f746xx.o


==============================================================================

Image component sizes


      Code (inc. data)   RO Data    RW Data    ZI Data      Debug   Object Name

       576        210          0          0          0      15846   bsp_746.o
       376         58          0         13          0       3579   buttonhandler.o
       388         30          0          4       1720      31614   cmsis_os2.o
         0          0          0          0          0      18640   event_groups.o
       484         24          0         24      15360       5351   heap_4.o
       138          0          0          0          0       4022   list.o
      1460        182        140         28       1380     912669   main.o
        72          6          0        154          0       1438   mainfsm.o
       774         80          0         12          0      12493   port.o
      1592         22          0          0         64      18904   queue.o
        64         26        456          0      24576        832   startup_stm32f746xx.o
        86         14          0         12          0       8830   stm32f7xx_hal.o
      1646         68          0          0          0       7917   stm32f7xx_hal_adc.o
         2          0          0          0          0       1169   stm32f7xx_hal_adc_ex.o
       160         12          0          0          0      38710   stm32f7xx_hal_cortex.o
       492         52          0          0          0       3551   stm32f7xx_hal_gpio.o
       536         56          0          0          0       3780   stm32f7xx_hal_msp.o
       242          0          0          0          0       1967   stm32f7xx_hal_pcd.o
        40          6          0          0          0       1204   stm32f7xx_hal_pcd_ex.o
      1428         72          0          0          0       6429   stm32f7xx_hal_rcc.o
      1276         16          0          0          0       2476   stm32f7xx_hal_rcc_ex.o
       836         80          0          0          0       7521   stm32f7xx_hal_tim.o
       170         30          0          0          0       3476   stm32f7xx_hal_tim_ex.o
       116         16          0          0         76       1448   stm32f7xx_hal_timebase_tim.o
      1094         66          0          0          0       5493   stm32f7xx_hal_uart.o
        66         22          0          0          0       4593   stm32f7xx_it.o
       698         26          0          0          0       7769   stm32f7xx_ll_usb.o
         0          0          0          0          0        392   stream_buffer.o
        16          4         24          4          0       1147   system_stm32f7xx.o
      2152        164          0         60       1220      29676   tasks.o
       996         84          0         20        280      33507   timers.o

    ----------------------------------------------------------------------
     18008       1426        652        336      44676    1196443   Object Totals
         0          0         32          0          0          0   (incl. Generated)
        32          0          0          5          0          0   (incl. Padding)

    ----------------------------------------------------------------------

      Code (inc. data)   RO Data    RW Data    ZI Data      Debug   Library Member Name

        90          0          0          0          0          0   __dczerorl2.o
         8          0          0          0          0         68   __main.o
         0          0          0          0          0          0   __rtentry.o
        12          0          0          0          0          0   __rtentry2.o
         6          0          0          0          0          0   __rtentry4.o
        52          8          0          0          0          0   __scatter.o
        28          0          0          0          0          0   __scatter_zi.o
        16          0          0          0          0         68   aeabi_memset.o
        18          0          0          0          0         80   exit.o
         6          0          0          0          0        152   heapauxi.o
         0          0          0          0          0          0   indicate_semi.o
         2          0          0          0          0          0   libinit.o
         6          0          0          0          0          0   libinit2.o
         2          0          0          0          0          0   libshutdown.o
         2          0          0          0          0          0   libshutdown2.o
         8          4          0          0         96         68   libspace.o
       238          0          0          0          0        100   lludivv7m.o
        68          0          0          0          0         68   rt_memclr.o
        78          0          0          0          0         80   rt_memclr_w.o
       138          0          0          0          0         68   rt_memcpy_v6.o
       100          0          0          0          0         80   rt_memcpy_w.o
         2          0          0          0          0          0   rtexit.o
        10          0          0          0          0          0   rtexit2.o
        12          4          0          0          0         68   sys_exit.o
        74          0          0          0          0         80   sys_stackheap_outer.o
         2          0          0          0          0         68   use_no_semi.o
        10          0          0          0          0        116   fpinit.o

    ----------------------------------------------------------------------
       996         16          0          0        100       1164   Library Totals
         8          0          0          0          4          0   (incl. Padding)

    ----------------------------------------------------------------------

      Code (inc. data)   RO Data    RW Data    ZI Data      Debug   Library Name

       978         16          0          0         96       1048   c_w.l
        10          0          0          0          0        116   fz_wm.l

    ----------------------------------------------------------------------
       996         16          0          0        100       1164   Library Totals

    ----------------------------------------------------------------------

==============================================================================


      Code (inc. data)   RO Data    RW Data    ZI Data      Debug   

     19004       1442        652        336      44776    1178439   Grand Totals
     19004       1442        652        140      44776    1178439   ELF Image Totals (compressed)
     19004       1442        652        140          0          0   ROM Totals

==============================================================================

    Total RO  Size (Code + RO Data)                19656 (  19.20kB)
    Total RW  Size (RW Data + ZI Data)             45112 (  44.05kB)
    Total ROM Size (Code + RO Data + RW Data)      19796 (  19.33kB)

==============================================================================

